<?xml version="1.0" encoding="ISO-8859-1" ?>
<link_info>
   <banner>TI ARM Linker PC v20.2.7.LTS</banner>
   <copyright>Copyright (c) 1996-2018 Texas Instruments Incorporated</copyright>
   <link_time>0x6519c63f</link_time>
   <link_errors>0x0</link_errors>
   <output_file>CarProjectRTOS.out</output_file>
   <entry_point>
      <name>_c_int00_noargs</name>
      <address>0x1fb15</address>
   </entry_point>
   <input_file_list>
      <input_file id="fl-2">
         <path>.\</path>
         <kind>object</kind>
         <file>croutine.obj</file>
         <name>croutine.obj</name>
      </input_file>
      <input_file id="fl-3">
         <path>.\</path>
         <kind>object</kind>
         <file>event_groups.obj</file>
         <name>event_groups.obj</name>
      </input_file>
      <input_file id="fl-4">
         <path>.\</path>
         <kind>object</kind>
         <file>list.obj</file>
         <name>list.obj</name>
      </input_file>
      <input_file id="fl-5">
         <path>.\</path>
         <kind>object</kind>
         <file>main.obj</file>
         <name>main.obj</name>
      </input_file>
      <input_file id="fl-6">
         <path>.\</path>
         <kind>object</kind>
         <file>queue.obj</file>
         <name>queue.obj</name>
      </input_file>
      <input_file id="fl-7">
         <path>.\</path>
         <kind>object</kind>
         <file>tasks.obj</file>
         <name>tasks.obj</name>
      </input_file>
      <input_file id="fl-8">
         <path>.\</path>
         <kind>object</kind>
         <file>timers.obj</file>
         <name>timers.obj</name>
      </input_file>
      <input_file id="fl-9">
         <path>.\</path>
         <kind>object</kind>
         <file>tm4c123gh6pm_startup_ccs.obj</file>
         <name>tm4c123gh6pm_startup_ccs.obj</name>
      </input_file>
      <input_file id="fl-a">
         <path>.\APP\</path>
         <kind>object</kind>
         <file>APP.obj</file>
         <name>APP.obj</name>
      </input_file>
      <input_file id="fl-b">
         <path>.\HAL\LCD\</path>
         <kind>object</kind>
         <file>LCD_program.obj</file>
         <name>LCD_program.obj</name>
      </input_file>
      <input_file id="fl-c">
         <path>.\HAL\LDR\</path>
         <kind>object</kind>
         <file>LDR.obj</file>
         <name>LDR.obj</name>
      </input_file>
      <input_file id="fl-d">
         <path>.\HAL\MOTOR\</path>
         <kind>object</kind>
         <file>Motor.obj</file>
         <name>Motor.obj</name>
      </input_file>
      <input_file id="fl-e">
         <path>.\HAL\TEMPSENSOR\</path>
         <kind>object</kind>
         <file>TempSensor.obj</file>
         <name>TempSensor.obj</name>
      </input_file>
      <input_file id="fl-f">
         <path>.\HAL\ULTRASONIC\</path>
         <kind>object</kind>
         <file>ULTRASONIC_program.obj</file>
         <name>ULTRASONIC_program.obj</name>
      </input_file>
      <input_file id="fl-10">
         <path>.\LIB\</path>
         <kind>object</kind>
         <file>Delay.obj</file>
         <name>Delay.obj</name>
      </input_file>
      <input_file id="fl-11">
         <path>.\MCAL\ADC\</path>
         <kind>object</kind>
         <file>ADC.obj</file>
         <name>ADC.obj</name>
      </input_file>
      <input_file id="fl-12">
         <path>.\MCAL\DIO\</path>
         <kind>object</kind>
         <file>DIO.obj</file>
         <name>DIO.obj</name>
      </input_file>
      <input_file id="fl-13">
         <path>.\MCAL\DIO\</path>
         <kind>object</kind>
         <file>DIO_Config.obj</file>
         <name>DIO_Config.obj</name>
      </input_file>
      <input_file id="fl-14">
         <path>.\MCAL\GPTM\</path>
         <kind>object</kind>
         <file>GPTM.obj</file>
         <name>GPTM.obj</name>
      </input_file>
      <input_file id="fl-15">
         <path>.\MCAL\PWM\</path>
         <kind>object</kind>
         <file>PWM_program.obj</file>
         <name>PWM_program.obj</name>
      </input_file>
      <input_file id="fl-16">
         <path>.\MCAL\SYSTICK\</path>
         <kind>object</kind>
         <file>Systick.obj</file>
         <name>Systick.obj</name>
      </input_file>
      <input_file id="fl-17">
         <path>.\SERVICE\</path>
         <kind>object</kind>
         <file>Scheduler.obj</file>
         <name>Scheduler.obj</name>
      </input_file>
      <input_file id="fl-18">
         <path>.\portable\CCS\ARM_CM4F\</path>
         <kind>object</kind>
         <file>port.obj</file>
         <name>port.obj</name>
      </input_file>
      <input_file id="fl-19">
         <path>.\portable\CCS\ARM_CM4F\</path>
         <kind>object</kind>
         <file>portasm.obj</file>
         <name>portasm.obj</name>
      </input_file>
      <input_file id="fl-1a">
         <path>.\portable\MemMang\</path>
         <kind>object</kind>
         <file>heap_2.obj</file>
         <name>heap_2.obj</name>
      </input_file>
      <input_file id="fl-1f">
         <kind>object</kind>
         <file>&lt;internal&gt;</file>
         <name>&lt;internal&gt;</name>
      </input_file>
      <input_file id="fl-d5">
         <path>C:\ti\ccs1240\ccs\tools\compiler\ti-cgt-arm_20.2.7.LTS\lib\</path>
         <kind>archive</kind>
         <file>rtsv7M4_T_le_v4SPD16_eabi.lib</file>
         <name>fd_add_t2.asm.obj</name>
      </input_file>
      <input_file id="fl-d6">
         <path>C:\ti\ccs1240\ccs\tools\compiler\ti-cgt-arm_20.2.7.LTS\lib\</path>
         <kind>archive</kind>
         <file>rtsv7M4_T_le_v4SPD16_eabi.lib</file>
         <name>fd_div_t2.asm.obj</name>
      </input_file>
      <input_file id="fl-d7">
         <path>C:\ti\ccs1240\ccs\tools\compiler\ti-cgt-arm_20.2.7.LTS\lib\</path>
         <kind>archive</kind>
         <file>rtsv7M4_T_le_v4SPD16_eabi.lib</file>
         <name>fd_mul_t2.asm.obj</name>
      </input_file>
      <input_file id="fl-d8">
         <path>C:\ti\ccs1240\ccs\tools\compiler\ti-cgt-arm_20.2.7.LTS\lib\</path>
         <kind>archive</kind>
         <file>rtsv7M4_T_le_v4SPD16_eabi.lib</file>
         <name>fd_tou_t2.asm.obj</name>
      </input_file>
      <input_file id="fl-d9">
         <path>C:\ti\ccs1240\ccs\tools\compiler\ti-cgt-arm_20.2.7.LTS\lib\</path>
         <kind>archive</kind>
         <file>rtsv7M4_T_le_v4SPD16_eabi.lib</file>
         <name>memcpy_t2.asm.obj</name>
      </input_file>
      <input_file id="fl-da">
         <path>C:\ti\ccs1240\ccs\tools\compiler\ti-cgt-arm_20.2.7.LTS\lib\</path>
         <kind>archive</kind>
         <file>rtsv7M4_T_le_v4SPD16_eabi.lib</file>
         <name>u_tofd_t2.asm.obj</name>
      </input_file>
      <input_file id="fl-db">
         <path>C:\ti\ccs1240\ccs\tools\compiler\ti-cgt-arm_20.2.7.LTS\lib\</path>
         <kind>archive</kind>
         <file>rtsv7M4_T_le_v4SPD16_eabi.lib</file>
         <name>memset_t2.asm.obj</name>
      </input_file>
      <input_file id="fl-dc">
         <path>C:\ti\ccs1240\ccs\tools\compiler\ti-cgt-arm_20.2.7.LTS\lib\</path>
         <kind>archive</kind>
         <file>rtsv7M4_T_le_v4SPD16_eabi.lib</file>
         <name>copy_zero_init.c.obj</name>
      </input_file>
      <input_file id="fl-dd">
         <path>C:\ti\ccs1240\ccs\tools\compiler\ti-cgt-arm_20.2.7.LTS\lib\</path>
         <kind>archive</kind>
         <file>rtsv7M4_T_le_v4SPD16_eabi.lib</file>
         <name>copy_decompress_none.c.obj</name>
      </input_file>
      <input_file id="fl-de">
         <path>C:\ti\ccs1240\ccs\tools\compiler\ti-cgt-arm_20.2.7.LTS\lib\</path>
         <kind>archive</kind>
         <file>rtsv7M4_T_le_v4SPD16_eabi.lib</file>
         <name>copy_decompress_lzss.c.obj</name>
      </input_file>
      <input_file id="fl-df">
         <path>C:\ti\ccs1240\ccs\tools\compiler\ti-cgt-arm_20.2.7.LTS\lib\</path>
         <kind>archive</kind>
         <file>rtsv7M4_T_le_v4SPD16_eabi.lib</file>
         <name>boot_cortex_m.c.obj</name>
      </input_file>
      <input_file id="fl-e0">
         <path>C:\ti\ccs1240\ccs\tools\compiler\ti-cgt-arm_20.2.7.LTS\lib\</path>
         <kind>archive</kind>
         <file>rtsv7M4_T_le_v4SPD16_eabi.lib</file>
         <name>autoinit.c.obj</name>
      </input_file>
      <input_file id="fl-e1">
         <path>C:\ti\ccs1240\ccs\tools\compiler\ti-cgt-arm_20.2.7.LTS\lib\</path>
         <kind>archive</kind>
         <file>rtsv7M4_T_le_v4SPD16_eabi.lib</file>
         <name>pre_init.c.obj</name>
      </input_file>
      <input_file id="fl-e2">
         <path>C:\ti\ccs1240\ccs\tools\compiler\ti-cgt-arm_20.2.7.LTS\lib\</path>
         <kind>archive</kind>
         <file>rtsv7M4_T_le_v4SPD16_eabi.lib</file>
         <name>cpy_tbl.c.obj</name>
      </input_file>
      <input_file id="fl-e3">
         <path>C:\ti\ccs1240\ccs\tools\compiler\ti-cgt-arm_20.2.7.LTS\lib\</path>
         <kind>archive</kind>
         <file>rtsv7M4_T_le_v4SPD16_eabi.lib</file>
         <name>exit.c.obj</name>
      </input_file>
      <input_file id="fl-e4">
         <path>C:\ti\ccs1240\ccs\tools\compiler\ti-cgt-arm_20.2.7.LTS\lib\</path>
         <kind>archive</kind>
         <file>rtsv7M4_T_le_v4SPD16_eabi.lib</file>
         <name>_lock.c.obj</name>
      </input_file>
      <input_file id="fl-e5">
         <path>C:\ti\ccs1240\ccs\tools\compiler\ti-cgt-arm_20.2.7.LTS\lib\</path>
         <kind>archive</kind>
         <file>rtsv7M4_T_le_v4SPD16_eabi.lib</file>
         <name>args_main.c.obj</name>
      </input_file>
   </input_file_list>
   <object_component_list>
      <object_component id="oc-12">
         <name>.intvecs</name>
         <load_address>0x1a800</load_address>
         <run_address>0x1a800</run_address>
         <size>0x26c</size>
         <input_file_ref idref="fl-9"/>
      </object_component>
      <object_component id="oc-85">
         <name>.text</name>
         <load_address>0x1aa6c</load_address>
         <run_address>0x1aa6c</run_address>
         <size>0x1768</size>
         <input_file_ref idref="fl-7"/>
      </object_component>
      <object_component id="oc-14b">
         <name>.text</name>
         <load_address>0x1c1d4</load_address>
         <run_address>0x1c1d4</run_address>
         <size>0xa8c</size>
         <input_file_ref idref="fl-12"/>
      </object_component>
      <object_component id="oc-38">
         <name>.text</name>
         <load_address>0x1cc60</load_address>
         <run_address>0x1cc60</run_address>
         <size>0xa08</size>
         <input_file_ref idref="fl-14"/>
      </object_component>
      <object_component id="oc-175">
         <name>.text</name>
         <load_address>0x1d668</load_address>
         <run_address>0x1d668</run_address>
         <size>0x988</size>
         <input_file_ref idref="fl-6"/>
      </object_component>
      <object_component id="oc-15d">
         <name>.text</name>
         <load_address>0x1dff0</load_address>
         <run_address>0x1dff0</run_address>
         <size>0x3fc</size>
         <input_file_ref idref="fl-b"/>
      </object_component>
      <object_component id="oc-16f">
         <name>.text</name>
         <load_address>0x1e3ec</load_address>
         <run_address>0x1e3ec</run_address>
         <size>0x2a0</size>
         <input_file_ref idref="fl-a"/>
      </object_component>
      <object_component id="oc-224">
         <name>.text</name>
         <load_address>0x1e68c</load_address>
         <run_address>0x1e68c</run_address>
         <size>0x258</size>
         <input_file_ref idref="fl-11"/>
      </object_component>
      <object_component id="oc-108">
         <name>.text</name>
         <load_address>0x1e8e4</load_address>
         <run_address>0x1e8e4</run_address>
         <size>0x1b8</size>
         <input_file_ref idref="fl-1a"/>
      </object_component>
      <object_component id="oc-243">
         <name>.text</name>
         <load_address>0x1ea9c</load_address>
         <run_address>0x1ea9c</run_address>
         <size>0x1b6</size>
         <input_file_ref idref="fl-d5"/>
      </object_component>
      <object_component id="oc-163">
         <name>.text</name>
         <load_address>0x1ec54</load_address>
         <run_address>0x1ec54</run_address>
         <size>0x168</size>
         <input_file_ref idref="fl-c"/>
      </object_component>
      <object_component id="oc-151">
         <name>.text</name>
         <load_address>0x1edbc</load_address>
         <run_address>0x1edbc</run_address>
         <size>0x14c</size>
         <input_file_ref idref="fl-f"/>
      </object_component>
      <object_component id="oc-23e">
         <name>.text</name>
         <load_address>0x1ef08</load_address>
         <run_address>0x1ef08</run_address>
         <size>0x136</size>
         <input_file_ref idref="fl-d6"/>
      </object_component>
      <object_component id="oc-f3">
         <name>.text</name>
         <load_address>0x1f03e</load_address>
         <run_address>0x1f03e</run_address>
         <size>0x12a</size>
         <input_file_ref idref="fl-4"/>
      </object_component>
      <object_component id="oc-32">
         <name>.text</name>
         <load_address>0x1f168</load_address>
         <run_address>0x1f168</run_address>
         <size>0x128</size>
         <input_file_ref idref="fl-18"/>
      </object_component>
      <object_component id="oc-dc">
         <name>.text</name>
         <load_address>0x1f290</load_address>
         <run_address>0x1f290</run_address>
         <size>0x114</size>
         <input_file_ref idref="fl-5"/>
      </object_component>
      <object_component id="oc-1fd">
         <name>.text</name>
         <load_address>0x1f3a4</load_address>
         <run_address>0x1f3a4</run_address>
         <size>0x110</size>
         <input_file_ref idref="fl-13"/>
      </object_component>
      <object_component id="oc-239">
         <name>.text</name>
         <load_address>0x1f4b4</load_address>
         <run_address>0x1f4b4</run_address>
         <size>0xfc</size>
         <input_file_ref idref="fl-d7"/>
      </object_component>
      <object_component id="oc-212">
         <name>.text</name>
         <load_address>0x1f5b0</load_address>
         <run_address>0x1f5b0</run_address>
         <size>0xd4</size>
         <input_file_ref idref="fl-15"/>
      </object_component>
      <object_component id="oc-2d">
         <name>.text</name>
         <load_address>0x1f684</load_address>
         <run_address>0x1f684</run_address>
         <size>0xd2</size>
         <input_file_ref idref="fl-19"/>
      </object_component>
      <object_component id="oc-157">
         <name>.text</name>
         <load_address>0x1f756</load_address>
         <run_address>0x1f756</run_address>
         <size>0xc4</size>
         <input_file_ref idref="fl-d"/>
      </object_component>
      <object_component id="oc-4c">
         <name>.text</name>
         <load_address>0x1f81a</load_address>
         <run_address>0x1f81a</run_address>
         <size>0x9c</size>
         <input_file_ref idref="fl-d9"/>
      </object_component>
      <object_component id="oc-20b">
         <name>.text</name>
         <load_address>0x1f8b6</load_address>
         <run_address>0x1f8b6</run_address>
         <size>0x7c</size>
         <input_file_ref idref="fl-10"/>
      </object_component>
      <object_component id="oc-d0">
         <name>.text</name>
         <load_address>0x1f932</load_address>
         <run_address>0x1f932</run_address>
         <size>0x7a</size>
         <input_file_ref idref="fl-db"/>
      </object_component>
      <object_component id="oc-169">
         <name>.text</name>
         <load_address>0x1f9ac</load_address>
         <run_address>0x1f9ac</run_address>
         <size>0x78</size>
         <input_file_ref idref="fl-e"/>
      </object_component>
      <object_component id="oc-15">
         <name>.text:decompress:lzss:__TI_decompress_lzss</name>
         <load_address>0x1fa24</load_address>
         <run_address>0x1fa24</run_address>
         <size>0x68</size>
         <input_file_ref idref="fl-de"/>
      </object_component>
      <object_component id="oc-189">
         <name>.text:__TI_auto_init_nobinit_nopinit:__TI_auto_init_nobinit_nopinit</name>
         <load_address>0x1fa8c</load_address>
         <run_address>0x1fa8c</run_address>
         <size>0x44</size>
         <input_file_ref idref="fl-e0"/>
      </object_component>
      <object_component id="oc-248">
         <name>.text</name>
         <load_address>0x1fad0</load_address>
         <run_address>0x1fad0</run_address>
         <size>0x44</size>
         <input_file_ref idref="fl-d8"/>
      </object_component>
      <object_component id="oc-6a">
         <name>.text:_c_int00_noargs:_c_int00_noargs</name>
         <load_address>0x1fb14</load_address>
         <run_address>0x1fb14</run_address>
         <size>0x34</size>
         <input_file_ref idref="fl-df"/>
      </object_component>
      <object_component id="oc-234">
         <name>.text</name>
         <load_address>0x1fb48</load_address>
         <run_address>0x1fb48</run_address>
         <size>0x20</size>
         <input_file_ref idref="fl-da"/>
      </object_component>
      <object_component id="oc-1b">
         <name>.text:decompress:none:__TI_decompress_none</name>
         <load_address>0x1fb68</load_address>
         <run_address>0x1fb68</run_address>
         <size>0xe</size>
         <input_file_ref idref="fl-dd"/>
      </object_component>
      <object_component id="oc-5e">
         <name>.text:decompress:ZI:__TI_zero_init</name>
         <load_address>0x1fb76</load_address>
         <run_address>0x1fb76</run_address>
         <size>0xc</size>
         <input_file_ref idref="fl-dc"/>
      </object_component>
      <object_component id="oc-27">
         <name>.text</name>
         <load_address>0x1fb82</load_address>
         <run_address>0x1fb82</run_address>
         <size>0xc</size>
         <input_file_ref idref="fl-9"/>
      </object_component>
      <object_component id="oc-d6">
         <name>.text:_system_pre_init</name>
         <load_address>0x1fb8e</load_address>
         <run_address>0x1fb8e</run_address>
         <size>0x4</size>
         <input_file_ref idref="fl-e1"/>
      </object_component>
      <object_component id="oc-17d">
         <name>.text:abort:abort</name>
         <load_address>0x1fb92</load_address>
         <run_address>0x1fb92</run_address>
         <size>0x4</size>
         <input_file_ref idref="fl-e3"/>
      </object_component>
      <object_component id="oc-28b">
         <name>.const:$P$T1$1</name>
         <load_address>0x1fb98</load_address>
         <run_address>0x1fb98</run_address>
         <size>0xa</size>
         <input_file_ref idref="fl-13"/>
      </object_component>
      <object_component id="oc-2a9">
         <name>.const:$P$T11$11</name>
         <load_address>0x1fba2</load_address>
         <run_address>0x1fba2</run_address>
         <size>0xa</size>
         <input_file_ref idref="fl-13"/>
      </object_component>
      <object_component id="oc-291">
         <name>.const:$P$T3$3</name>
         <load_address>0x1fbac</load_address>
         <run_address>0x1fbac</run_address>
         <size>0xa</size>
         <input_file_ref idref="fl-13"/>
      </object_component>
      <object_component id="oc-297">
         <name>.const:$P$T5$5</name>
         <load_address>0x1fbb6</load_address>
         <run_address>0x1fbb6</run_address>
         <size>0xa</size>
         <input_file_ref idref="fl-13"/>
      </object_component>
      <object_component id="oc-29d">
         <name>.const:$P$T7$7</name>
         <load_address>0x1fbc0</load_address>
         <run_address>0x1fbc0</run_address>
         <size>0xa</size>
         <input_file_ref idref="fl-13"/>
      </object_component>
      <object_component id="oc-2a3">
         <name>.const:$P$T9$9</name>
         <load_address>0x1fbca</load_address>
         <run_address>0x1fbca</run_address>
         <size>0xa</size>
         <input_file_ref idref="fl-13"/>
      </object_component>
      <object_component id="oc-82">
         <name>.const</name>
         <load_address>0x1fbd4</load_address>
         <run_address>0x1fbd4</run_address>
         <size>0x4</size>
         <input_file_ref idref="fl-18"/>
      </object_component>
      <object_component id="oc-2a6">
         <name>.const:$P$T10$10</name>
         <load_address>0x1fbd8</load_address>
         <run_address>0x1fbd8</run_address>
         <size>0x2</size>
         <input_file_ref idref="fl-13"/>
      </object_component>
      <object_component id="oc-2ac">
         <name>.const:$P$T12$12</name>
         <load_address>0x1fbda</load_address>
         <run_address>0x1fbda</run_address>
         <size>0x2</size>
         <input_file_ref idref="fl-13"/>
      </object_component>
      <object_component id="oc-28e">
         <name>.const:$P$T2$2</name>
         <load_address>0x1fbdc</load_address>
         <run_address>0x1fbdc</run_address>
         <size>0x2</size>
         <input_file_ref idref="fl-13"/>
      </object_component>
      <object_component id="oc-294">
         <name>.const:$P$T4$4</name>
         <load_address>0x1fbde</load_address>
         <run_address>0x1fbde</run_address>
         <size>0x2</size>
         <input_file_ref idref="fl-13"/>
      </object_component>
      <object_component id="oc-29a">
         <name>.const:$P$T6$6</name>
         <load_address>0x1fbe0</load_address>
         <run_address>0x1fbe0</run_address>
         <size>0x2</size>
         <input_file_ref idref="fl-13"/>
      </object_component>
      <object_component id="oc-2a0">
         <name>.const:$P$T8$8</name>
         <load_address>0x1fbe2</load_address>
         <run_address>0x1fbe2</run_address>
         <size>0x2</size>
         <input_file_ref idref="fl-13"/>
      </object_component>
      <object_component id="oc-366">
         <name>.cinit..data.load</name>
         <load_address>0x1fbe8</load_address>
         <run_address>0x1fbe8</run_address>
         <size>0x69</size>
      </object_component>
      <object_component id="oc-364">
         <name>__TI_handler_table</name>
         <load_address>0x1fc54</load_address>
         <run_address>0x1fc54</run_address>
         <size>0xc</size>
      </object_component>
      <object_component id="oc-367">
         <name>.cinit..bss.load</name>
         <load_address>0x1fc60</load_address>
         <run_address>0x1fc60</run_address>
         <size>0x8</size>
      </object_component>
      <object_component id="oc-365">
         <name>__TI_cinit_table</name>
         <load_address>0x1fc68</load_address>
         <run_address>0x1fc68</run_address>
         <size>0x10</size>
      </object_component>
      <object_component id="oc-7f">
         <name>.data</name>
         <load_address>0x200079f8</load_address>
         <run_address>0x200079f8</run_address>
         <size>0x30</size>
         <input_file_ref idref="fl-7"/>
      </object_component>
      <object_component id="oc-24e">
         <name>.data</name>
         <load_address>0x20007a54</load_address>
         <run_address>0x20007a54</run_address>
         <size>0x8</size>
         <input_file_ref idref="fl-a"/>
      </object_component>
      <object_component id="oc-21c">
         <name>.data</name>
         <load_address>0x20007a3c</load_address>
         <run_address>0x20007a3c</run_address>
         <size>0xe</size>
         <input_file_ref idref="fl-b"/>
      </object_component>
      <object_component id="oc-22a">
         <name>.data</name>
         <load_address>0x20007a5c</load_address>
         <run_address>0x20007a5c</run_address>
         <size>0x8</size>
         <input_file_ref idref="fl-c"/>
      </object_component>
      <object_component id="oc-2c0">
         <name>.data:ADCs</name>
         <load_address>0x20007a4c</load_address>
         <run_address>0x20007a4c</run_address>
         <size>0x8</size>
         <input_file_ref idref="fl-11"/>
      </object_component>
      <object_component id="oc-203">
         <name>.data:Ports_Operating</name>
         <load_address>0x20007a6c</load_address>
         <run_address>0x20007a6c</run_address>
         <size>0x6</size>
         <input_file_ref idref="fl-13"/>
      </object_component>
      <object_component id="oc-9b">
         <name>.data:TIMERS</name>
         <load_address>0x200079c8</load_address>
         <run_address>0x200079c8</run_address>
         <size>0x30</size>
         <input_file_ref idref="fl-14"/>
      </object_component>
      <object_component id="oc-9e">
         <name>.data:NVIC_RegPtr</name>
         <load_address>0x20007a28</load_address>
         <run_address>0x20007a28</run_address>
         <size>0x14</size>
         <input_file_ref idref="fl-14"/>
      </object_component>
      <object_component id="oc-8c">
         <name>.data</name>
         <load_address>0x20007a74</load_address>
         <run_address>0x20007a74</run_address>
         <size>0x4</size>
         <input_file_ref idref="fl-18"/>
      </object_component>
      <object_component id="oc-1d8">
         <name>.data</name>
         <load_address>0x20007a64</load_address>
         <run_address>0x20007a64</run_address>
         <size>0x8</size>
         <input_file_ref idref="fl-1a"/>
      </object_component>
      <object_component id="oc-f9">
         <name>.bss:pxReadyTasksLists</name>
         <uninitialized>true</uninitialized>
         <run_address>0x20007530</run_address>
         <size>0x140</size>
         <input_file_ref idref="fl-7"/>
      </object_component>
      <object_component id="oc-10e">
         <name>.bss:xDelayedTaskList1</name>
         <uninitialized>true</uninitialized>
         <run_address>0x20007738</run_address>
         <size>0x14</size>
         <input_file_ref idref="fl-7"/>
      </object_component>
      <object_component id="oc-111">
         <name>.bss:xDelayedTaskList2</name>
         <uninitialized>true</uninitialized>
         <run_address>0x2000774c</run_address>
         <size>0x14</size>
         <input_file_ref idref="fl-7"/>
      </object_component>
      <object_component id="oc-105">
         <name>.bss</name>
         <uninitialized>true</uninitialized>
         <run_address>0x2000779c</run_address>
         <size>0x8</size>
         <input_file_ref idref="fl-7"/>
      </object_component>
      <object_component id="oc-102">
         <name>.bss:xPendingReadyList</name>
         <uninitialized>true</uninitialized>
         <run_address>0x20007760</run_address>
         <size>0x14</size>
         <input_file_ref idref="fl-7"/>
      </object_component>
      <object_component id="oc-fc">
         <name>.bss:xTasksWaitingTermination</name>
         <uninitialized>true</uninitialized>
         <run_address>0x20007788</run_address>
         <size>0x14</size>
         <input_file_ref idref="fl-7"/>
      </object_component>
      <object_component id="oc-ff">
         <name>.bss:xSuspendedTaskList</name>
         <uninitialized>true</uninitialized>
         <run_address>0x20007774</run_address>
         <size>0x14</size>
         <input_file_ref idref="fl-7"/>
      </object_component>
      <object_component id="oc-219">
         <name>.bss:dataPorts</name>
         <uninitialized>true</uninitialized>
         <run_address>0x200077b8</run_address>
         <size>0x4</size>
         <input_file_ref idref="fl-b"/>
      </object_component>
      <object_component id="oc-21f">
         <name>.bss:dataPins</name>
         <uninitialized>true</uninitialized>
         <run_address>0x200077b4</run_address>
         <size>0x4</size>
         <input_file_ref idref="fl-b"/>
      </object_component>
      <object_component id="oc-1e1">
         <name>.bss:ucHeap</name>
         <uninitialized>true</uninitialized>
         <run_address>0x20000000</run_address>
         <size>0x7530</size>
         <input_file_ref idref="fl-1a"/>
      </object_component>
      <object_component id="oc-1db">
         <name>.bss:xStart</name>
         <uninitialized>true</uninitialized>
         <run_address>0x200077ac</run_address>
         <size>0x8</size>
         <input_file_ref idref="fl-1a"/>
      </object_component>
      <object_component id="oc-1de">
         <name>.bss:xEnd</name>
         <uninitialized>true</uninitialized>
         <run_address>0x200077a4</run_address>
         <size>0x8</size>
         <input_file_ref idref="fl-1a"/>
      </object_component>
      <object_component id="oc-17b">
         <name>.common:sMutex</name>
         <uninitialized>true</uninitialized>
         <run_address>0x200077bc</run_address>
         <size>0x4</size>
      </object_component>
      <object_component id="oc-255">
         <name>.common:xQueueRegistry</name>
         <uninitialized>true</uninitialized>
         <run_address>0x200076d0</run_address>
         <size>0x50</size>
      </object_component>
      <object_component id="oc-251">
         <name>.common:LDR_reading</name>
         <uninitialized>true</uninitialized>
         <run_address>0x200077c0</run_address>
         <size>0x1</size>
      </object_component>
      <object_component id="oc-206">
         <name>.common:PortStruct_ptr</name>
         <uninitialized>true</uninitialized>
         <run_address>0x20007720</run_address>
         <size>0x18</size>
      </object_component>
      <object_component id="oc-a1">
         <name>.common:TimersISR_ptr</name>
         <uninitialized>true</uninitialized>
         <run_address>0x20007670</run_address>
         <size>0x60</size>
      </object_component>
      <object_component id="oc-24">
         <name>.stack</name>
         <uninitialized>true</uninitialized>
         <run_address>0x200077c8</run_address>
         <size>0x4</size>
         <input_file_ref idref="fl-df"/>
      </object_component>
      <object_component id="oc-369">
         <name>.stack</name>
         <uninitialized>true</uninitialized>
         <run_address>0x200077c8</run_address>
         <size>0x0</size>
      </object_component>
      <object_component id="oc-128">
         <name>.debug_info</name>
         <load_address>0x0</load_address>
         <run_address>0x0</run_address>
         <size>0x13d</size>
         <input_file_ref idref="fl-2"/>
      </object_component>
      <object_component id="oc-115">
         <name>.debug_info</name>
         <load_address>0x13d</load_address>
         <run_address>0x13d</run_address>
         <size>0x2ef</size>
         <input_file_ref idref="fl-2"/>
      </object_component>
      <object_component id="oc-b1">
         <name>.debug_info</name>
         <load_address>0x42c</load_address>
         <run_address>0x42c</run_address>
         <size>0x26b</size>
         <input_file_ref idref="fl-2"/>
      </object_component>
      <object_component id="oc-47">
         <name>.debug_info</name>
         <load_address>0x697</load_address>
         <run_address>0x697</run_address>
         <size>0x84</size>
         <input_file_ref idref="fl-2"/>
      </object_component>
      <object_component id="oc-1ec">
         <name>.debug_info</name>
         <load_address>0x71b</load_address>
         <run_address>0x71b</run_address>
         <size>0xcc</size>
         <input_file_ref idref="fl-2"/>
      </object_component>
      <object_component id="oc-91">
         <name>.debug_info</name>
         <load_address>0x7e7</load_address>
         <run_address>0x7e7</run_address>
         <size>0x2c</size>
         <input_file_ref idref="fl-2"/>
      </object_component>
      <object_component id="oc-136">
         <name>.debug_info</name>
         <load_address>0x813</load_address>
         <run_address>0x813</run_address>
         <size>0x2a4</size>
         <input_file_ref idref="fl-2"/>
      </object_component>
      <object_component id="oc-b6">
         <name>.debug_info</name>
         <load_address>0xab7</load_address>
         <run_address>0xab7</run_address>
         <size>0xbb</size>
         <input_file_ref idref="fl-2"/>
      </object_component>
      <object_component id="oc-96">
         <name>.debug_info</name>
         <load_address>0xb72</load_address>
         <run_address>0xb72</run_address>
         <size>0x53</size>
         <input_file_ref idref="fl-2"/>
      </object_component>
      <object_component id="oc-123">
         <name>.debug_info</name>
         <load_address>0xbc5</load_address>
         <run_address>0xbc5</run_address>
         <size>0x14c</size>
         <input_file_ref idref="fl-2"/>
      </object_component>
      <object_component id="oc-279">
         <name>.debug_info</name>
         <load_address>0xd11</load_address>
         <run_address>0xd11</run_address>
         <size>0x575</size>
         <input_file_ref idref="fl-3"/>
      </object_component>
      <object_component id="oc-1c7">
         <name>.debug_info</name>
         <load_address>0x1286</load_address>
         <run_address>0x1286</run_address>
         <size>0x110</size>
         <input_file_ref idref="fl-3"/>
      </object_component>
      <object_component id="oc-300">
         <name>.debug_info</name>
         <load_address>0x1396</load_address>
         <run_address>0x1396</run_address>
         <size>0x39</size>
         <input_file_ref idref="fl-3"/>
      </object_component>
      <object_component id="oc-1bd">
         <name>.debug_info</name>
         <load_address>0x13cf</load_address>
         <run_address>0x13cf</run_address>
         <size>0x46</size>
         <input_file_ref idref="fl-3"/>
      </object_component>
      <object_component id="oc-305">
         <name>.debug_info</name>
         <load_address>0x1415</load_address>
         <run_address>0x1415</run_address>
         <size>0x76</size>
         <input_file_ref idref="fl-3"/>
      </object_component>
      <object_component id="oc-1cd">
         <name>.debug_info</name>
         <load_address>0x148b</load_address>
         <run_address>0x148b</run_address>
         <size>0x2c5</size>
         <input_file_ref idref="fl-4"/>
      </object_component>
      <object_component id="oc-f6">
         <name>.debug_info</name>
         <load_address>0x1750</load_address>
         <run_address>0x1750</run_address>
         <size>0x448</size>
         <input_file_ref idref="fl-4"/>
      </object_component>
      <object_component id="oc-134">
         <name>.debug_info</name>
         <load_address>0x1b98</load_address>
         <run_address>0x1b98</run_address>
         <size>0x5e7</size>
         <input_file_ref idref="fl-5"/>
      </object_component>
      <object_component id="oc-de">
         <name>.debug_info</name>
         <load_address>0x217f</load_address>
         <run_address>0x217f</run_address>
         <size>0x2f2</size>
         <input_file_ref idref="fl-5"/>
      </object_component>
      <object_component id="oc-a5">
         <name>.debug_info</name>
         <load_address>0x2471</load_address>
         <run_address>0x2471</run_address>
         <size>0x40d</size>
         <input_file_ref idref="fl-5"/>
      </object_component>
      <object_component id="oc-22e">
         <name>.debug_info</name>
         <load_address>0x287e</load_address>
         <run_address>0x287e</run_address>
         <size>0x51</size>
         <input_file_ref idref="fl-5"/>
      </object_component>
      <object_component id="oc-2cf">
         <name>.debug_info</name>
         <load_address>0x28cf</load_address>
         <run_address>0x28cf</run_address>
         <size>0x51</size>
         <input_file_ref idref="fl-5"/>
      </object_component>
      <object_component id="oc-336">
         <name>.debug_info</name>
         <load_address>0x2920</load_address>
         <run_address>0x2920</run_address>
         <size>0x5c0</size>
         <input_file_ref idref="fl-5"/>
      </object_component>
      <object_component id="oc-1f8">
         <name>.debug_info</name>
         <load_address>0x2ee0</load_address>
         <run_address>0x2ee0</run_address>
         <size>0x46</size>
         <input_file_ref idref="fl-5"/>
      </object_component>
      <object_component id="oc-1f3">
         <name>.debug_info</name>
         <load_address>0x2f26</load_address>
         <run_address>0x2f26</run_address>
         <size>0x2c</size>
         <input_file_ref idref="fl-5"/>
      </object_component>
      <object_component id="oc-256">
         <name>.debug_info</name>
         <load_address>0x2f52</load_address>
         <run_address>0x2f52</run_address>
         <size>0x716</size>
         <input_file_ref idref="fl-6"/>
      </object_component>
      <object_component id="oc-176">
         <name>.debug_info</name>
         <load_address>0x3668</load_address>
         <run_address>0x3668</run_address>
         <size>0x2312</size>
         <input_file_ref idref="fl-6"/>
      </object_component>
      <object_component id="oc-2d8">
         <name>.debug_info</name>
         <load_address>0x597a</load_address>
         <run_address>0x597a</run_address>
         <size>0x1cd</size>
         <input_file_ref idref="fl-6"/>
      </object_component>
      <object_component id="oc-1c2">
         <name>.debug_info</name>
         <load_address>0x5b47</load_address>
         <run_address>0x5b47</run_address>
         <size>0x35</size>
         <input_file_ref idref="fl-6"/>
      </object_component>
      <object_component id="oc-f0">
         <name>.debug_info</name>
         <load_address>0x5b7c</load_address>
         <run_address>0x5b7c</run_address>
         <size>0x6fe</size>
         <input_file_ref idref="fl-7"/>
      </object_component>
      <object_component id="oc-80">
         <name>.debug_info</name>
         <load_address>0x627a</load_address>
         <run_address>0x627a</run_address>
         <size>0x2e9</size>
         <input_file_ref idref="fl-7"/>
      </object_component>
      <object_component id="oc-fa">
         <name>.debug_info</name>
         <load_address>0x6563</load_address>
         <run_address>0x6563</run_address>
         <size>0xe5</size>
         <input_file_ref idref="fl-7"/>
      </object_component>
      <object_component id="oc-10f">
         <name>.debug_info</name>
         <load_address>0x6648</load_address>
         <run_address>0x6648</run_address>
         <size>0xe5</size>
         <input_file_ref idref="fl-7"/>
      </object_component>
      <object_component id="oc-112">
         <name>.debug_info</name>
         <load_address>0x672d</load_address>
         <run_address>0x672d</run_address>
         <size>0xe5</size>
         <input_file_ref idref="fl-7"/>
      </object_component>
      <object_component id="oc-106">
         <name>.debug_info</name>
         <load_address>0x6812</load_address>
         <run_address>0x6812</run_address>
         <size>0x127</size>
         <input_file_ref idref="fl-7"/>
      </object_component>
      <object_component id="oc-103">
         <name>.debug_info</name>
         <load_address>0x6939</load_address>
         <run_address>0x6939</run_address>
         <size>0xe5</size>
         <input_file_ref idref="fl-7"/>
      </object_component>
      <object_component id="oc-fd">
         <name>.debug_info</name>
         <load_address>0x6a1e</load_address>
         <run_address>0x6a1e</run_address>
         <size>0xf3</size>
         <input_file_ref idref="fl-7"/>
      </object_component>
      <object_component id="oc-100">
         <name>.debug_info</name>
         <load_address>0x6b11</load_address>
         <run_address>0x6b11</run_address>
         <size>0xe7</size>
         <input_file_ref idref="fl-7"/>
      </object_component>
      <object_component id="oc-88">
         <name>.debug_info</name>
         <load_address>0x6bf8</load_address>
         <run_address>0x6bf8</run_address>
         <size>0x3f0a</size>
         <input_file_ref idref="fl-7"/>
      </object_component>
      <object_component id="oc-11a">
         <name>.debug_info</name>
         <load_address>0xab02</load_address>
         <run_address>0xab02</run_address>
         <size>0x169</size>
         <input_file_ref idref="fl-7"/>
      </object_component>
      <object_component id="oc-40">
         <name>.debug_info</name>
         <load_address>0xac6b</load_address>
         <run_address>0xac6b</run_address>
         <size>0x5cc</size>
         <input_file_ref idref="fl-9"/>
      </object_component>
      <object_component id="oc-13">
         <name>.debug_info</name>
         <load_address>0xb237</load_address>
         <run_address>0xb237</run_address>
         <size>0xef</size>
         <input_file_ref idref="fl-9"/>
      </object_component>
      <object_component id="oc-2a">
         <name>.debug_info</name>
         <load_address>0xb326</load_address>
         <run_address>0xb326</run_address>
         <size>0x26e</size>
         <input_file_ref idref="fl-9"/>
      </object_component>
      <object_component id="oc-252">
         <name>.debug_info</name>
         <load_address>0xb594</load_address>
         <run_address>0xb594</run_address>
         <size>0x609</size>
         <input_file_ref idref="fl-a"/>
      </object_component>
      <object_component id="oc-24f">
         <name>.debug_info</name>
         <load_address>0xbb9d</load_address>
         <run_address>0xbb9d</run_address>
         <size>0x113</size>
         <input_file_ref idref="fl-a"/>
      </object_component>
      <object_component id="oc-171">
         <name>.debug_info</name>
         <load_address>0xbcb0</load_address>
         <run_address>0xbcb0</run_address>
         <size>0x5f7</size>
         <input_file_ref idref="fl-a"/>
      </object_component>
      <object_component id="oc-aa">
         <name>.debug_info</name>
         <load_address>0xc2a7</load_address>
         <run_address>0xc2a7</run_address>
         <size>0x8b</size>
         <input_file_ref idref="fl-a"/>
      </object_component>
      <object_component id="oc-223">
         <name>.debug_info</name>
         <load_address>0xc332</load_address>
         <run_address>0xc332</run_address>
         <size>0x319</size>
         <input_file_ref idref="fl-b"/>
      </object_component>
      <object_component id="oc-21a">
         <name>.debug_info</name>
         <load_address>0xc64b</load_address>
         <run_address>0xc64b</run_address>
         <size>0xe3</size>
         <input_file_ref idref="fl-b"/>
      </object_component>
      <object_component id="oc-220">
         <name>.debug_info</name>
         <load_address>0xc72e</load_address>
         <run_address>0xc72e</run_address>
         <size>0xe1</size>
         <input_file_ref idref="fl-b"/>
      </object_component>
      <object_component id="oc-21d">
         <name>.debug_info</name>
         <load_address>0xc80f</load_address>
         <run_address>0xc80f</run_address>
         <size>0x29b</size>
         <input_file_ref idref="fl-b"/>
      </object_component>
      <object_component id="oc-161">
         <name>.debug_info</name>
         <load_address>0xcaaa</load_address>
         <run_address>0xcaaa</run_address>
         <size>0x7f4</size>
         <input_file_ref idref="fl-b"/>
      </object_component>
      <object_component id="oc-233">
         <name>.debug_info</name>
         <load_address>0xd29e</load_address>
         <run_address>0xd29e</run_address>
         <size>0x377</size>
         <input_file_ref idref="fl-c"/>
      </object_component>
      <object_component id="oc-22b">
         <name>.debug_info</name>
         <load_address>0xd615</load_address>
         <run_address>0xd615</run_address>
         <size>0xf7</size>
         <input_file_ref idref="fl-c"/>
      </object_component>
      <object_component id="oc-164">
         <name>.debug_info</name>
         <load_address>0xd70c</load_address>
         <run_address>0xd70c</run_address>
         <size>0x2e5</size>
         <input_file_ref idref="fl-c"/>
      </object_component>
      <object_component id="oc-158">
         <name>.debug_info</name>
         <load_address>0xd9f1</load_address>
         <run_address>0xd9f1</run_address>
         <size>0x4f6</size>
         <input_file_ref idref="fl-d"/>
      </object_component>
      <object_component id="oc-16a">
         <name>.debug_info</name>
         <load_address>0xdee7</load_address>
         <run_address>0xdee7</run_address>
         <size>0x268</size>
         <input_file_ref idref="fl-e"/>
      </object_component>
      <object_component id="oc-152">
         <name>.debug_info</name>
         <load_address>0xe14f</load_address>
         <run_address>0xe14f</run_address>
         <size>0x593</size>
         <input_file_ref idref="fl-f"/>
      </object_component>
      <object_component id="oc-12f">
         <name>.debug_info</name>
         <load_address>0xe6e2</load_address>
         <run_address>0xe6e2</run_address>
         <size>0x28f</size>
         <input_file_ref idref="fl-f"/>
      </object_component>
      <object_component id="oc-20f">
         <name>.debug_info</name>
         <load_address>0xe971</load_address>
         <run_address>0xe971</run_address>
         <size>0x1b7</size>
         <input_file_ref idref="fl-10"/>
      </object_component>
      <object_component id="oc-324">
         <name>.debug_info</name>
         <load_address>0xeb28</load_address>
         <run_address>0xeb28</run_address>
         <size>0x2eb</size>
         <input_file_ref idref="fl-11"/>
      </object_component>
      <object_component id="oc-2c1">
         <name>.debug_info</name>
         <load_address>0xee13</load_address>
         <run_address>0xee13</run_address>
         <size>0xd3</size>
         <input_file_ref idref="fl-11"/>
      </object_component>
      <object_component id="oc-226">
         <name>.debug_info</name>
         <load_address>0xeee6</load_address>
         <run_address>0xeee6</run_address>
         <size>0x421</size>
         <input_file_ref idref="fl-11"/>
      </object_component>
      <object_component id="oc-20a">
         <name>.debug_info</name>
         <load_address>0xf307</load_address>
         <run_address>0xf307</run_address>
         <size>0x31c</size>
         <input_file_ref idref="fl-12"/>
      </object_component>
      <object_component id="oc-14c">
         <name>.debug_info</name>
         <load_address>0xf623</load_address>
         <run_address>0xf623</run_address>
         <size>0xa33</size>
         <input_file_ref idref="fl-12"/>
      </object_component>
      <object_component id="oc-207">
         <name>.debug_info</name>
         <load_address>0x10056</load_address>
         <run_address>0x10056</run_address>
         <size>0x2e4</size>
         <input_file_ref idref="fl-13"/>
      </object_component>
      <object_component id="oc-204">
         <name>.debug_info</name>
         <load_address>0x1033a</load_address>
         <run_address>0x1033a</run_address>
         <size>0xf0</size>
         <input_file_ref idref="fl-13"/>
      </object_component>
      <object_component id="oc-28c">
         <name>.debug_info</name>
         <load_address>0x1042a</load_address>
         <run_address>0x1042a</run_address>
         <size>0xdf</size>
         <input_file_ref idref="fl-13"/>
      </object_component>
      <object_component id="oc-28f">
         <name>.debug_info</name>
         <load_address>0x10509</load_address>
         <run_address>0x10509</run_address>
         <size>0xdf</size>
         <input_file_ref idref="fl-13"/>
      </object_component>
      <object_component id="oc-292">
         <name>.debug_info</name>
         <load_address>0x105e8</load_address>
         <run_address>0x105e8</run_address>
         <size>0xdf</size>
         <input_file_ref idref="fl-13"/>
      </object_component>
      <object_component id="oc-295">
         <name>.debug_info</name>
         <load_address>0x106c7</load_address>
         <run_address>0x106c7</run_address>
         <size>0xdf</size>
         <input_file_ref idref="fl-13"/>
      </object_component>
      <object_component id="oc-298">
         <name>.debug_info</name>
         <load_address>0x107a6</load_address>
         <run_address>0x107a6</run_address>
         <size>0xdf</size>
         <input_file_ref idref="fl-13"/>
      </object_component>
      <object_component id="oc-29b">
         <name>.debug_info</name>
         <load_address>0x10885</load_address>
         <run_address>0x10885</run_address>
         <size>0xdf</size>
         <input_file_ref idref="fl-13"/>
      </object_component>
      <object_component id="oc-29e">
         <name>.debug_info</name>
         <load_address>0x10964</load_address>
         <run_address>0x10964</run_address>
         <size>0xdf</size>
         <input_file_ref idref="fl-13"/>
      </object_component>
      <object_component id="oc-2a1">
         <name>.debug_info</name>
         <load_address>0x10a43</load_address>
         <run_address>0x10a43</run_address>
         <size>0xdf</size>
         <input_file_ref idref="fl-13"/>
      </object_component>
      <object_component id="oc-2a4">
         <name>.debug_info</name>
         <load_address>0x10b22</load_address>
         <run_address>0x10b22</run_address>
         <size>0xdf</size>
         <input_file_ref idref="fl-13"/>
      </object_component>
      <object_component id="oc-2a7">
         <name>.debug_info</name>
         <load_address>0x10c01</load_address>
         <run_address>0x10c01</run_address>
         <size>0xe3</size>
         <input_file_ref idref="fl-13"/>
      </object_component>
      <object_component id="oc-2aa">
         <name>.debug_info</name>
         <load_address>0x10ce4</load_address>
         <run_address>0x10ce4</run_address>
         <size>0xe3</size>
         <input_file_ref idref="fl-13"/>
      </object_component>
      <object_component id="oc-2ad">
         <name>.debug_info</name>
         <load_address>0x10dc7</load_address>
         <run_address>0x10dc7</run_address>
         <size>0xe3</size>
         <input_file_ref idref="fl-13"/>
      </object_component>
      <object_component id="oc-1fe">
         <name>.debug_info</name>
         <load_address>0x10eaa</load_address>
         <run_address>0x10eaa</run_address>
         <size>0x31c</size>
         <input_file_ref idref="fl-13"/>
      </object_component>
      <object_component id="oc-a2">
         <name>.debug_info</name>
         <load_address>0x111c6</load_address>
         <run_address>0x111c6</run_address>
         <size>0x2f9</size>
         <input_file_ref idref="fl-14"/>
      </object_component>
      <object_component id="oc-9c">
         <name>.debug_info</name>
         <load_address>0x114bf</load_address>
         <run_address>0x114bf</run_address>
         <size>0xd9</size>
         <input_file_ref idref="fl-14"/>
      </object_component>
      <object_component id="oc-9f">
         <name>.debug_info</name>
         <load_address>0x11598</load_address>
         <run_address>0x11598</run_address>
         <size>0xe3</size>
         <input_file_ref idref="fl-14"/>
      </object_component>
      <object_component id="oc-39">
         <name>.debug_info</name>
         <load_address>0x1167b</load_address>
         <run_address>0x1167b</run_address>
         <size>0x2565</size>
         <input_file_ref idref="fl-14"/>
      </object_component>
      <object_component id="oc-216">
         <name>.debug_info</name>
         <load_address>0x13be0</load_address>
         <run_address>0x13be0</run_address>
         <size>0x1d3</size>
         <input_file_ref idref="fl-15"/>
      </object_component>
      <object_component id="oc-90">
         <name>.debug_info</name>
         <load_address>0x13db3</load_address>
         <run_address>0x13db3</run_address>
         <size>0x35a</size>
         <input_file_ref idref="fl-18"/>
      </object_component>
      <object_component id="oc-83">
         <name>.debug_info</name>
         <load_address>0x1410d</load_address>
         <run_address>0x1410d</run_address>
         <size>0x113</size>
         <input_file_ref idref="fl-18"/>
      </object_component>
      <object_component id="oc-8d">
         <name>.debug_info</name>
         <load_address>0x14220</load_address>
         <run_address>0x14220</run_address>
         <size>0xfa</size>
         <input_file_ref idref="fl-18"/>
      </object_component>
      <object_component id="oc-35">
         <name>.debug_info</name>
         <load_address>0x1431a</load_address>
         <run_address>0x1431a</run_address>
         <size>0x61d</size>
         <input_file_ref idref="fl-18"/>
      </object_component>
      <object_component id="oc-2f">
         <name>.debug_info</name>
         <load_address>0x14937</load_address>
         <run_address>0x14937</run_address>
         <size>0x248</size>
         <input_file_ref idref="fl-19"/>
      </object_component>
      <object_component id="oc-1e5">
         <name>.debug_info</name>
         <load_address>0x14b7f</load_address>
         <run_address>0x14b7f</run_address>
         <size>0x369</size>
         <input_file_ref idref="fl-1a"/>
      </object_component>
      <object_component id="oc-1e2">
         <name>.debug_info</name>
         <load_address>0x14ee8</load_address>
         <run_address>0x14ee8</run_address>
         <size>0xe1</size>
         <input_file_ref idref="fl-1a"/>
      </object_component>
      <object_component id="oc-1dc">
         <name>.debug_info</name>
         <load_address>0x14fc9</load_address>
         <run_address>0x14fc9</run_address>
         <size>0xe1</size>
         <input_file_ref idref="fl-1a"/>
      </object_component>
      <object_component id="oc-1df">
         <name>.debug_info</name>
         <load_address>0x150aa</load_address>
         <run_address>0x150aa</run_address>
         <size>0xdd</size>
         <input_file_ref idref="fl-1a"/>
      </object_component>
      <object_component id="oc-1d9">
         <name>.debug_info</name>
         <load_address>0x15187</load_address>
         <run_address>0x15187</run_address>
         <size>0xfb</size>
         <input_file_ref idref="fl-1a"/>
      </object_component>
      <object_component id="oc-109">
         <name>.debug_info</name>
         <load_address>0x15282</load_address>
         <run_address>0x15282</run_address>
         <size>0x60a</size>
         <input_file_ref idref="fl-1a"/>
      </object_component>
      <object_component id="oc-280">
         <name>.debug_info</name>
         <load_address>0x1588c</load_address>
         <run_address>0x1588c</run_address>
         <size>0x62</size>
         <input_file_ref idref="fl-1a"/>
      </object_component>
      <object_component id="oc-245">
         <name>.debug_info</name>
         <load_address>0x158ee</load_address>
         <run_address>0x158ee</run_address>
         <size>0x14c</size>
         <input_file_ref idref="fl-d5"/>
      </object_component>
      <object_component id="oc-240">
         <name>.debug_info</name>
         <load_address>0x15a3a</load_address>
         <run_address>0x15a3a</run_address>
         <size>0x13a</size>
         <input_file_ref idref="fl-d6"/>
      </object_component>
      <object_component id="oc-23b">
         <name>.debug_info</name>
         <load_address>0x15b74</load_address>
         <run_address>0x15b74</run_address>
         <size>0x13a</size>
         <input_file_ref idref="fl-d7"/>
      </object_component>
      <object_component id="oc-24b">
         <name>.debug_info</name>
         <load_address>0x15cae</load_address>
         <run_address>0x15cae</run_address>
         <size>0x139</size>
         <input_file_ref idref="fl-d8"/>
      </object_component>
      <object_component id="oc-4d">
         <name>.debug_info</name>
         <load_address>0x15de7</load_address>
         <run_address>0x15de7</run_address>
         <size>0x119</size>
         <input_file_ref idref="fl-d9"/>
      </object_component>
      <object_component id="oc-237">
         <name>.debug_info</name>
         <load_address>0x15f00</load_address>
         <run_address>0x15f00</run_address>
         <size>0x12e</size>
         <input_file_ref idref="fl-da"/>
      </object_component>
      <object_component id="oc-d1">
         <name>.debug_info</name>
         <load_address>0x1602e</load_address>
         <run_address>0x1602e</run_address>
         <size>0x147</size>
         <input_file_ref idref="fl-db"/>
      </object_component>
      <object_component id="oc-cf">
         <name>.debug_info</name>
         <load_address>0x16175</load_address>
         <run_address>0x16175</run_address>
         <size>0x2d4</size>
         <input_file_ref idref="fl-dc"/>
      </object_component>
      <object_component id="oc-5f">
         <name>.debug_info</name>
         <load_address>0x16449</load_address>
         <run_address>0x16449</run_address>
         <size>0x1b5</size>
         <input_file_ref idref="fl-dc"/>
      </object_component>
      <object_component id="oc-ca">
         <name>.debug_info</name>
         <load_address>0x165fe</load_address>
         <run_address>0x165fe</run_address>
         <size>0x46</size>
         <input_file_ref idref="fl-dc"/>
      </object_component>
      <object_component id="oc-142">
         <name>.debug_info</name>
         <load_address>0x16644</load_address>
         <run_address>0x16644</run_address>
         <size>0x2c</size>
         <input_file_ref idref="fl-dc"/>
      </object_component>
      <object_component id="oc-57">
         <name>.debug_info</name>
         <load_address>0x16670</load_address>
         <run_address>0x16670</run_address>
         <size>0x2a8</size>
         <input_file_ref idref="fl-dd"/>
      </object_component>
      <object_component id="oc-1c">
         <name>.debug_info</name>
         <load_address>0x16918</load_address>
         <run_address>0x16918</run_address>
         <size>0x1ea</size>
         <input_file_ref idref="fl-dd"/>
      </object_component>
      <object_component id="oc-52">
         <name>.debug_info</name>
         <load_address>0x16b02</load_address>
         <run_address>0x16b02</run_address>
         <size>0x46</size>
         <input_file_ref idref="fl-dd"/>
      </object_component>
      <object_component id="oc-c2">
         <name>.debug_info</name>
         <load_address>0x16b48</load_address>
         <run_address>0x16b48</run_address>
         <size>0x2c</size>
         <input_file_ref idref="fl-dd"/>
      </object_component>
      <object_component id="oc-c0">
         <name>.debug_info</name>
         <load_address>0x16b74</load_address>
         <run_address>0x16b74</run_address>
         <size>0x29e</size>
         <input_file_ref idref="fl-de"/>
      </object_component>
      <object_component id="oc-18">
         <name>.debug_info</name>
         <load_address>0x16e12</load_address>
         <run_address>0x16e12</run_address>
         <size>0x250</size>
         <input_file_ref idref="fl-de"/>
      </object_component>
      <object_component id="oc-42">
         <name>.debug_info</name>
         <load_address>0x17062</load_address>
         <run_address>0x17062</run_address>
         <size>0x60</size>
         <input_file_ref idref="fl-de"/>
      </object_component>
      <object_component id="oc-13b">
         <name>.debug_info</name>
         <load_address>0x170c2</load_address>
         <run_address>0x170c2</run_address>
         <size>0x46</size>
         <input_file_ref idref="fl-de"/>
      </object_component>
      <object_component id="oc-bb">
         <name>.debug_info</name>
         <load_address>0x17108</load_address>
         <run_address>0x17108</run_address>
         <size>0x39</size>
         <input_file_ref idref="fl-de"/>
      </object_component>
      <object_component id="oc-25">
         <name>.debug_info</name>
         <load_address>0x17141</load_address>
         <run_address>0x17141</run_address>
         <size>0x10b</size>
         <input_file_ref idref="fl-df"/>
      </object_component>
      <object_component id="oc-6b">
         <name>.debug_info</name>
         <load_address>0x1724c</load_address>
         <run_address>0x1724c</run_address>
         <size>0x1a9</size>
         <input_file_ref idref="fl-df"/>
      </object_component>
      <object_component id="oc-264">
         <name>.debug_info</name>
         <load_address>0x173f5</load_address>
         <run_address>0x173f5</run_address>
         <size>0x4b3</size>
         <input_file_ref idref="fl-e0"/>
      </object_component>
      <object_component id="oc-18b">
         <name>.debug_info</name>
         <load_address>0x178a8</load_address>
         <run_address>0x178a8</run_address>
         <size>0x1a6</size>
         <input_file_ref idref="fl-e0"/>
      </object_component>
      <object_component id="oc-2ed">
         <name>.debug_info</name>
         <load_address>0x17a4e</load_address>
         <run_address>0x17a4e</run_address>
         <size>0x39</size>
         <input_file_ref idref="fl-e0"/>
      </object_component>
      <object_component id="oc-328">
         <name>.debug_info</name>
         <load_address>0x17a87</load_address>
         <run_address>0x17a87</run_address>
         <size>0x39</size>
         <input_file_ref idref="fl-e0"/>
      </object_component>
      <object_component id="oc-2f2">
         <name>.debug_info</name>
         <load_address>0x17ac0</load_address>
         <run_address>0x17ac0</run_address>
         <size>0x39</size>
         <input_file_ref idref="fl-e0"/>
      </object_component>
      <object_component id="oc-2f7">
         <name>.debug_info</name>
         <load_address>0x17af9</load_address>
         <run_address>0x17af9</run_address>
         <size>0xcd</size>
         <input_file_ref idref="fl-e0"/>
      </object_component>
      <object_component id="oc-d7">
         <name>.debug_info</name>
         <load_address>0x17bc6</load_address>
         <run_address>0x17bc6</run_address>
         <size>0x153</size>
         <input_file_ref idref="fl-e1"/>
      </object_component>
      <object_component id="oc-17e">
         <name>.debug_info</name>
         <load_address>0x17d19</load_address>
         <run_address>0x17d19</run_address>
         <size>0x122</size>
         <input_file_ref idref="fl-e3"/>
      </object_component>
      <object_component id="oc-36a">
         <name>.debug_info</name>
         <load_address>0x17e3b</load_address>
         <run_address>0x17e3b</run_address>
         <size>0xa2</size>
      </object_component>
      <object_component id="oc-1eb">
         <name>.debug_line</name>
         <load_address>0x0</load_address>
         <run_address>0x0</run_address>
         <size>0x20</size>
         <input_file_ref idref="fl-2"/>
      </object_component>
      <object_component id="oc-118">
         <name>.debug_line</name>
         <load_address>0x20</load_address>
         <run_address>0x20</run_address>
         <size>0x60</size>
         <input_file_ref idref="fl-2"/>
      </object_component>
      <object_component id="oc-b4">
         <name>.debug_line</name>
         <load_address>0x80</load_address>
         <run_address>0x80</run_address>
         <size>0x6f</size>
         <input_file_ref idref="fl-2"/>
      </object_component>
      <object_component id="oc-4a">
         <name>.debug_line</name>
         <load_address>0xef</load_address>
         <run_address>0xef</run_address>
         <size>0x20</size>
         <input_file_ref idref="fl-2"/>
      </object_component>
      <object_component id="oc-1ef">
         <name>.debug_line</name>
         <load_address>0x10f</load_address>
         <run_address>0x10f</run_address>
         <size>0x64</size>
         <input_file_ref idref="fl-2"/>
      </object_component>
      <object_component id="oc-94">
         <name>.debug_line</name>
         <load_address>0x173</load_address>
         <run_address>0x173</run_address>
         <size>0x64</size>
         <input_file_ref idref="fl-2"/>
      </object_component>
      <object_component id="oc-139">
         <name>.debug_line</name>
         <load_address>0x1d7</load_address>
         <run_address>0x1d7</run_address>
         <size>0x73</size>
         <input_file_ref idref="fl-2"/>
      </object_component>
      <object_component id="oc-b9">
         <name>.debug_line</name>
         <load_address>0x24a</load_address>
         <run_address>0x24a</run_address>
         <size>0x70</size>
         <input_file_ref idref="fl-2"/>
      </object_component>
      <object_component id="oc-99">
         <name>.debug_line</name>
         <load_address>0x2ba</load_address>
         <run_address>0x2ba</run_address>
         <size>0x73</size>
         <input_file_ref idref="fl-2"/>
      </object_component>
      <object_component id="oc-126">
         <name>.debug_line</name>
         <load_address>0x32d</load_address>
         <run_address>0x32d</run_address>
         <size>0x60</size>
         <input_file_ref idref="fl-2"/>
      </object_component>
      <object_component id="oc-2ff">
         <name>.debug_line</name>
         <load_address>0x38d</load_address>
         <run_address>0x38d</run_address>
         <size>0x137</size>
         <input_file_ref idref="fl-3"/>
      </object_component>
      <object_component id="oc-1ca">
         <name>.debug_line</name>
         <load_address>0x4c4</load_address>
         <run_address>0x4c4</run_address>
         <size>0x6b</size>
         <input_file_ref idref="fl-3"/>
      </object_component>
      <object_component id="oc-303">
         <name>.debug_line</name>
         <load_address>0x52f</load_address>
         <run_address>0x52f</run_address>
         <size>0x68</size>
         <input_file_ref idref="fl-3"/>
      </object_component>
      <object_component id="oc-1c0">
         <name>.debug_line</name>
         <load_address>0x597</load_address>
         <run_address>0x597</run_address>
         <size>0x62</size>
         <input_file_ref idref="fl-3"/>
      </object_component>
      <object_component id="oc-308">
         <name>.debug_line</name>
         <load_address>0x5f9</load_address>
         <run_address>0x5f9</run_address>
         <size>0x35</size>
         <input_file_ref idref="fl-3"/>
      </object_component>
      <object_component id="oc-27b">
         <name>.debug_line</name>
         <load_address>0x62e</load_address>
         <run_address>0x62e</run_address>
         <size>0x20</size>
         <input_file_ref idref="fl-4"/>
      </object_component>
      <object_component id="oc-f4">
         <name>.debug_line</name>
         <load_address>0x64e</load_address>
         <run_address>0x64e</run_address>
         <size>0xe1</size>
         <input_file_ref idref="fl-4"/>
      </object_component>
      <object_component id="oc-1f2">
         <name>.debug_line</name>
         <load_address>0x72f</load_address>
         <run_address>0x72f</run_address>
         <size>0x16b</size>
         <input_file_ref idref="fl-5"/>
      </object_component>
      <object_component id="oc-e1">
         <name>.debug_line</name>
         <load_address>0x89a</load_address>
         <run_address>0x89a</run_address>
         <size>0x68</size>
         <input_file_ref idref="fl-5"/>
      </object_component>
      <object_component id="oc-a8">
         <name>.debug_line</name>
         <load_address>0x902</load_address>
         <run_address>0x902</run_address>
         <size>0x5d</size>
         <input_file_ref idref="fl-5"/>
      </object_component>
      <object_component id="oc-231">
         <name>.debug_line</name>
         <load_address>0x95f</load_address>
         <run_address>0x95f</run_address>
         <size>0x34</size>
         <input_file_ref idref="fl-5"/>
      </object_component>
      <object_component id="oc-2d2">
         <name>.debug_line</name>
         <load_address>0x993</load_address>
         <run_address>0x993</run_address>
         <size>0x30</size>
         <input_file_ref idref="fl-5"/>
      </object_component>
      <object_component id="oc-339">
         <name>.debug_line</name>
         <load_address>0x9c3</load_address>
         <run_address>0x9c3</run_address>
         <size>0x66</size>
         <input_file_ref idref="fl-5"/>
      </object_component>
      <object_component id="oc-1fb">
         <name>.debug_line</name>
         <load_address>0xa29</load_address>
         <run_address>0xa29</run_address>
         <size>0x61</size>
         <input_file_ref idref="fl-5"/>
      </object_component>
      <object_component id="oc-1f6">
         <name>.debug_line</name>
         <load_address>0xa8a</load_address>
         <run_address>0xa8a</run_address>
         <size>0x62</size>
         <input_file_ref idref="fl-5"/>
      </object_component>
      <object_component id="oc-2d7">
         <name>.debug_line</name>
         <load_address>0xaec</load_address>
         <run_address>0xaec</run_address>
         <size>0x145</size>
         <input_file_ref idref="fl-6"/>
      </object_component>
      <object_component id="oc-179">
         <name>.debug_line</name>
         <load_address>0xc31</load_address>
         <run_address>0xc31</run_address>
         <size>0x67b</size>
         <input_file_ref idref="fl-6"/>
      </object_component>
      <object_component id="oc-2db">
         <name>.debug_line</name>
         <load_address>0x12ac</load_address>
         <run_address>0x12ac</run_address>
         <size>0x2e</size>
         <input_file_ref idref="fl-6"/>
      </object_component>
      <object_component id="oc-1c5">
         <name>.debug_line</name>
         <load_address>0x12da</load_address>
         <run_address>0x12da</run_address>
         <size>0x74</size>
         <input_file_ref idref="fl-6"/>
      </object_component>
      <object_component id="oc-1bc">
         <name>.debug_line</name>
         <load_address>0x134e</load_address>
         <run_address>0x134e</run_address>
         <size>0x150</size>
         <input_file_ref idref="fl-7"/>
      </object_component>
      <object_component id="oc-ef">
         <name>.debug_line</name>
         <load_address>0x149e</load_address>
         <run_address>0x149e</run_address>
         <size>0x2e</size>
         <input_file_ref idref="fl-7"/>
      </object_component>
      <object_component id="oc-1cf">
         <name>.debug_line</name>
         <load_address>0x14cc</load_address>
         <run_address>0x14cc</run_address>
         <size>0x2e</size>
         <input_file_ref idref="fl-7"/>
      </object_component>
      <object_component id="oc-1e7">
         <name>.debug_line</name>
         <load_address>0x14fa</load_address>
         <run_address>0x14fa</run_address>
         <size>0x2e</size>
         <input_file_ref idref="fl-7"/>
      </object_component>
      <object_component id="oc-1e9">
         <name>.debug_line</name>
         <load_address>0x1528</load_address>
         <run_address>0x1528</run_address>
         <size>0x2e</size>
         <input_file_ref idref="fl-7"/>
      </object_component>
      <object_component id="oc-1d7">
         <name>.debug_line</name>
         <load_address>0x1556</load_address>
         <run_address>0x1556</run_address>
         <size>0x2e</size>
         <input_file_ref idref="fl-7"/>
      </object_component>
      <object_component id="oc-1d5">
         <name>.debug_line</name>
         <load_address>0x1584</load_address>
         <run_address>0x1584</run_address>
         <size>0x2e</size>
         <input_file_ref idref="fl-7"/>
      </object_component>
      <object_component id="oc-1d1">
         <name>.debug_line</name>
         <load_address>0x15b2</load_address>
         <run_address>0x15b2</run_address>
         <size>0x2e</size>
         <input_file_ref idref="fl-7"/>
      </object_component>
      <object_component id="oc-1d3">
         <name>.debug_line</name>
         <load_address>0x15e0</load_address>
         <run_address>0x15e0</run_address>
         <size>0x2e</size>
         <input_file_ref idref="fl-7"/>
      </object_component>
      <object_component id="oc-8a">
         <name>.debug_line</name>
         <load_address>0x160e</load_address>
         <run_address>0x160e</run_address>
         <size>0xc7f</size>
         <input_file_ref idref="fl-7"/>
      </object_component>
      <object_component id="oc-11d">
         <name>.debug_line</name>
         <load_address>0x228d</load_address>
         <run_address>0x228d</run_address>
         <size>0x2e</size>
         <input_file_ref idref="fl-7"/>
      </object_component>
      <object_component id="oc-b0">
         <name>.debug_line</name>
         <load_address>0x22bb</load_address>
         <run_address>0x22bb</run_address>
         <size>0x41</size>
         <input_file_ref idref="fl-9"/>
      </object_component>
      <object_component id="oc-3f">
         <name>.debug_line</name>
         <load_address>0x22fc</load_address>
         <run_address>0x22fc</run_address>
         <size>0x41</size>
         <input_file_ref idref="fl-9"/>
      </object_component>
      <object_component id="oc-2c">
         <name>.debug_line</name>
         <load_address>0x233d</load_address>
         <run_address>0x233d</run_address>
         <size>0xa1</size>
         <input_file_ref idref="fl-9"/>
      </object_component>
      <object_component id="oc-2d5">
         <name>.debug_line</name>
         <load_address>0x23de</load_address>
         <run_address>0x23de</run_address>
         <size>0x21f</size>
         <input_file_ref idref="fl-a"/>
      </object_component>
      <object_component id="oc-2ce">
         <name>.debug_line</name>
         <load_address>0x25fd</load_address>
         <run_address>0x25fd</run_address>
         <size>0x30</size>
         <input_file_ref idref="fl-a"/>
      </object_component>
      <object_component id="oc-170">
         <name>.debug_line</name>
         <load_address>0x262d</load_address>
         <run_address>0x262d</run_address>
         <size>0x15c</size>
         <input_file_ref idref="fl-a"/>
      </object_component>
      <object_component id="oc-ad">
         <name>.debug_line</name>
         <load_address>0x2789</load_address>
         <run_address>0x2789</run_address>
         <size>0x20</size>
         <input_file_ref idref="fl-a"/>
      </object_component>
      <object_component id="oc-2bf">
         <name>.debug_line</name>
         <load_address>0x27a9</load_address>
         <run_address>0x27a9</run_address>
         <size>0x9d</size>
         <input_file_ref idref="fl-b"/>
      </object_component>
      <object_component id="oc-2b9">
         <name>.debug_line</name>
         <load_address>0x2846</load_address>
         <run_address>0x2846</run_address>
         <size>0x69</size>
         <input_file_ref idref="fl-b"/>
      </object_component>
      <object_component id="oc-2bd">
         <name>.debug_line</name>
         <load_address>0x28af</load_address>
         <run_address>0x28af</run_address>
         <size>0x69</size>
         <input_file_ref idref="fl-b"/>
      </object_component>
      <object_component id="oc-2bb">
         <name>.debug_line</name>
         <load_address>0x2918</load_address>
         <run_address>0x2918</run_address>
         <size>0x68</size>
         <input_file_ref idref="fl-b"/>
      </object_component>
      <object_component id="oc-15f">
         <name>.debug_line</name>
         <load_address>0x2980</load_address>
         <run_address>0x2980</run_address>
         <size>0x1dc</size>
         <input_file_ref idref="fl-b"/>
      </object_component>
      <object_component id="oc-2c7">
         <name>.debug_line</name>
         <load_address>0x2b5c</load_address>
         <run_address>0x2b5c</run_address>
         <size>0x60</size>
         <input_file_ref idref="fl-c"/>
      </object_component>
      <object_component id="oc-2c5">
         <name>.debug_line</name>
         <load_address>0x2bbc</load_address>
         <run_address>0x2bbc</run_address>
         <size>0x34</size>
         <input_file_ref idref="fl-c"/>
      </object_component>
      <object_component id="oc-167">
         <name>.debug_line</name>
         <load_address>0x2bf0</load_address>
         <run_address>0x2bf0</run_address>
         <size>0xb0</size>
         <input_file_ref idref="fl-c"/>
      </object_component>
      <object_component id="oc-15c">
         <name>.debug_line</name>
         <load_address>0x2ca0</load_address>
         <run_address>0x2ca0</run_address>
         <size>0xd4</size>
         <input_file_ref idref="fl-d"/>
      </object_component>
      <object_component id="oc-16e">
         <name>.debug_line</name>
         <load_address>0x2d74</load_address>
         <run_address>0x2d74</run_address>
         <size>0x78</size>
         <input_file_ref idref="fl-e"/>
      </object_component>
      <object_component id="oc-155">
         <name>.debug_line</name>
         <load_address>0x2dec</load_address>
         <run_address>0x2dec</run_address>
         <size>0xfe</size>
         <input_file_ref idref="fl-f"/>
      </object_component>
      <object_component id="oc-132">
         <name>.debug_line</name>
         <load_address>0x2eea</load_address>
         <run_address>0x2eea</run_address>
         <size>0x68</size>
         <input_file_ref idref="fl-f"/>
      </object_component>
      <object_component id="oc-20e">
         <name>.debug_line</name>
         <load_address>0x2f52</load_address>
         <run_address>0x2f52</run_address>
         <size>0x89</size>
         <input_file_ref idref="fl-10"/>
      </object_component>
      <object_component id="oc-335">
         <name>.debug_line</name>
         <load_address>0x2fdb</load_address>
         <run_address>0x2fdb</run_address>
         <size>0x20</size>
         <input_file_ref idref="fl-11"/>
      </object_component>
      <object_component id="oc-323">
         <name>.debug_line</name>
         <load_address>0x2ffb</load_address>
         <run_address>0x2ffb</run_address>
         <size>0x35</size>
         <input_file_ref idref="fl-11"/>
      </object_component>
      <object_component id="oc-225">
         <name>.debug_line</name>
         <load_address>0x3030</load_address>
         <run_address>0x3030</run_address>
         <size>0xf2</size>
         <input_file_ref idref="fl-11"/>
      </object_component>
      <object_component id="oc-2b5">
         <name>.debug_line</name>
         <load_address>0x3122</load_address>
         <run_address>0x3122</run_address>
         <size>0x35</size>
         <input_file_ref idref="fl-12"/>
      </object_component>
      <object_component id="oc-14f">
         <name>.debug_line</name>
         <load_address>0x3157</load_address>
         <run_address>0x3157</run_address>
         <size>0x35a</size>
         <input_file_ref idref="fl-12"/>
      </object_component>
      <object_component id="oc-2b3">
         <name>.debug_line</name>
         <load_address>0x34b1</load_address>
         <run_address>0x34b1</run_address>
         <size>0x3c</size>
         <input_file_ref idref="fl-13"/>
      </object_component>
      <object_component id="oc-2b1">
         <name>.debug_line</name>
         <load_address>0x34ed</load_address>
         <run_address>0x34ed</run_address>
         <size>0x3c</size>
         <input_file_ref idref="fl-13"/>
      </object_component>
      <object_component id="oc-30b">
         <name>.debug_line</name>
         <load_address>0x3529</load_address>
         <run_address>0x3529</run_address>
         <size>0x3c</size>
         <input_file_ref idref="fl-13"/>
      </object_component>
      <object_component id="oc-30d">
         <name>.debug_line</name>
         <load_address>0x3565</load_address>
         <run_address>0x3565</run_address>
         <size>0x3c</size>
         <input_file_ref idref="fl-13"/>
      </object_component>
      <object_component id="oc-30f">
         <name>.debug_line</name>
         <load_address>0x35a1</load_address>
         <run_address>0x35a1</run_address>
         <size>0x3c</size>
         <input_file_ref idref="fl-13"/>
      </object_component>
      <object_component id="oc-311">
         <name>.debug_line</name>
[...]
         <name>delay_us</name>
         <value>0x1f8f9</value>
         <object_component_ref idref="oc-20b"/>
      </symbol>
      <symbol id="sm-4ca">
         <name>delay_ms</name>
         <value>0x1f8b7</value>
         <object_component_ref idref="oc-20b"/>
      </symbol>
      <symbol id="sm-4f9">
         <name>ADCs</name>
         <value>0x20007a4c</value>
         <object_component_ref idref="oc-2c0"/>
      </symbol>
      <symbol id="sm-4fa">
         <name>ADCInitSampler</name>
         <value>0x1e6af</value>
         <object_component_ref idref="oc-224"/>
      </symbol>
      <symbol id="sm-4fb">
         <name>ADCRead</name>
         <value>0x1e7bd</value>
         <object_component_ref idref="oc-224"/>
      </symbol>
      <symbol id="sm-4fc">
         <name>ADCStartUse</name>
         <value>0x1e68d</value>
         <object_component_ref idref="oc-224"/>
      </symbol>
      <symbol id="sm-4fd">
         <name>ADCTempEnable</name>
         <value>0x1e869</value>
         <object_component_ref idref="oc-224"/>
      </symbol>
      <symbol id="sm-5f1">
         <name>PORTS_Operation</name>
         <value>0x1c1d5</value>
         <object_component_ref idref="oc-14b"/>
      </symbol>
      <symbol id="sm-5f2">
         <name>DIO_ReadPort</name>
         <value>0x1caad</value>
         <object_component_ref idref="oc-14b"/>
      </symbol>
      <symbol id="sm-5f3">
         <name>PORT_Init</name>
         <value>0x1c233</value>
         <object_component_ref idref="oc-14b"/>
      </symbol>
      <symbol id="sm-5f4">
         <name>GPIO_InterruptInit</name>
         <value>0x1c519</value>
         <object_component_ref idref="oc-14b"/>
      </symbol>
      <symbol id="sm-5f5">
         <name>DIO_ReadPin</name>
         <value>0x1ca09</value>
         <object_component_ref idref="oc-14b"/>
      </symbol>
      <symbol id="sm-5f6">
         <name>DIO_WritePin</name>
         <value>0x1c871</value>
         <object_component_ref idref="oc-14b"/>
      </symbol>
      <symbol id="sm-5f7">
         <name>DIO_Read</name>
         <value>0x1cb67</value>
         <object_component_ref idref="oc-14b"/>
      </symbol>
      <symbol id="sm-5f8">
         <name>DIO_WritePort</name>
         <value>0x1c91d</value>
         <object_component_ref idref="oc-14b"/>
      </symbol>
      <symbol id="sm-5f9">
         <name>DIO_Set_Pullup</name>
         <value>0x1cbbd</value>
         <object_component_ref idref="oc-14b"/>
      </symbol>
      <symbol id="sm-5fa">
         <name>analog_Mode</name>
         <value>0x1c7c9</value>
         <object_component_ref idref="oc-14b"/>
      </symbol>
      <symbol id="sm-5fb">
         <name>DIO_Write</name>
         <value>0x1cb25</value>
         <object_component_ref idref="oc-14b"/>
      </symbol>
      <symbol id="sm-5fc">
         <name>alt_Function</name>
         <value>0x1c699</value>
         <object_component_ref idref="oc-14b"/>
      </symbol>
      <symbol id="sm-677">
         <name>PortStruct_ptr</name>
         <value>0x20007720</value>
      </symbol>
      <symbol id="sm-678">
         <name>PORT_CONFIG</name>
         <value>0x1f3a5</value>
         <object_component_ref idref="oc-1fd"/>
      </symbol>
      <symbol id="sm-679">
         <name>Ports_Operating</name>
         <value>0x20007a6c</value>
         <object_component_ref idref="oc-203"/>
      </symbol>
      <symbol id="sm-730">
         <name>TimersISR_ptr</name>
         <value>0x20007670</value>
      </symbol>
      <symbol id="sm-731">
         <name>TimerMatchSet</name>
         <value>0x1d2c9</value>
         <object_component_ref idref="oc-38"/>
      </symbol>
      <symbol id="sm-732">
         <name>Timer1BISR</name>
         <value>0x1d531</value>
         <object_component_ref idref="oc-38"/>
      </symbol>
      <symbol id="sm-733">
         <name>GetEnBit</name>
         <value>0x1d4c7</value>
         <object_component_ref idref="oc-38"/>
      </symbol>
      <symbol id="sm-734">
         <name>WTimer5AISR</name>
         <value>0x1d5ef</value>
         <object_component_ref idref="oc-38"/>
      </symbol>
      <symbol id="sm-735">
         <name>Timer5AISR</name>
         <value>0x1d577</value>
         <object_component_ref idref="oc-38"/>
      </symbol>
      <symbol id="sm-736">
         <name>TimerLoadSet</name>
         <value>0x1d1c1</value>
         <object_component_ref idref="oc-38"/>
      </symbol>
      <symbol id="sm-737">
         <name>WTimer2AISR</name>
         <value>0x1d5b3</value>
         <object_component_ref idref="oc-38"/>
      </symbol>
      <symbol id="sm-738">
         <name>Timer2AISR</name>
         <value>0x1d53b</value>
         <object_component_ref idref="oc-38"/>
      </symbol>
      <symbol id="sm-739">
         <name>TimerPrescaleMatchGet</name>
         <value>0x1d381</value>
         <object_component_ref idref="oc-38"/>
      </symbol>
      <symbol id="sm-73a">
         <name>TimerPrescaleGet</name>
         <value>0x1d341</value>
         <object_component_ref idref="oc-38"/>
      </symbol>
      <symbol id="sm-73b">
         <name>TimerControlLevel</name>
         <value>0x1cd5d</value>
         <object_component_ref idref="oc-38"/>
      </symbol>
      <symbol id="sm-73c">
         <name>TimerDisable</name>
         <value>0x1cfcb</value>
         <object_component_ref idref="oc-38"/>
      </symbol>
      <symbol id="sm-73d">
         <name>WTimer3AISR</name>
         <value>0x1d5c7</value>
         <object_component_ref idref="oc-38"/>
      </symbol>
      <symbol id="sm-73e">
         <name>Timer3AISR</name>
         <value>0x1d54f</value>
         <object_component_ref idref="oc-38"/>
      </symbol>
      <symbol id="sm-73f">
         <name>TIMERS</name>
         <value>0x200079c8</value>
         <object_component_ref idref="oc-9b"/>
      </symbol>
      <symbol id="sm-740">
         <name>TimerIntRegister</name>
         <value>0x1d0d9</value>
         <object_component_ref idref="oc-38"/>
      </symbol>
      <symbol id="sm-741">
         <name>WTimer0AISR</name>
         <value>0x1d58b</value>
         <object_component_ref idref="oc-38"/>
      </symbol>
      <symbol id="sm-742">
         <name>TimerMatchSet64</name>
         <value>0x1d311</value>
         <object_component_ref idref="oc-38"/>
      </symbol>
      <symbol id="sm-743">
         <name>Timer0AISR</name>
         <value>0x1d513</value>
         <object_component_ref idref="oc-38"/>
      </symbol>
      <symbol id="sm-744">
         <name>TimerEnable</name>
         <value>0x1d023</value>
         <object_component_ref idref="oc-38"/>
      </symbol>
      <symbol id="sm-745">
         <name>NVIC_RegPtr</name>
         <value>0x20007a28</value>
         <object_component_ref idref="oc-9e"/>
      </symbol>
      <symbol id="sm-746">
         <name>TimerIntNVICEnable</name>
         <value>0x1d0cb</value>
         <object_component_ref idref="oc-38"/>
      </symbol>
      <symbol id="sm-747">
         <name>WTimer1AISR</name>
         <value>0x1d59f</value>
         <object_component_ref idref="oc-38"/>
      </symbol>
      <symbol id="sm-748">
         <name>TimerLoadGet64</name>
         <value>0x1d189</value>
         <object_component_ref idref="oc-38"/>
      </symbol>
      <symbol id="sm-749">
         <name>WTimer4BISR</name>
         <value>0x1d5e5</value>
         <object_component_ref idref="oc-38"/>
      </symbol>
      <symbol id="sm-74a">
         <name>TimerValueGet64</name>
         <value>0x1d495</value>
         <object_component_ref idref="oc-38"/>
      </symbol>
      <symbol id="sm-74b">
         <name>Timer1AISR</name>
         <value>0x1d527</value>
         <object_component_ref idref="oc-38"/>
      </symbol>
      <symbol id="sm-74c">
         <name>TimerMatchGet</name>
         <value>0x1d243</value>
         <object_component_ref idref="oc-38"/>
      </symbol>
      <symbol id="sm-74d">
         <name>Timer4BISR</name>
         <value>0x1d56d</value>
         <object_component_ref idref="oc-38"/>
      </symbol>
      <symbol id="sm-74e">
         <name>TimerIntStatus</name>
         <value>0x1d125</value>
         <object_component_ref idref="oc-38"/>
      </symbol>
      <symbol id="sm-74f">
         <name>TimerIntDisable</name>
         <value>0x1d093</value>
         <object_component_ref idref="oc-38"/>
      </symbol>
      <symbol id="sm-750">
         <name>TimerValueGet</name>
         <value>0x1d451</value>
         <object_component_ref idref="oc-38"/>
      </symbol>
      <symbol id="sm-751">
         <name>WTimer5BISR</name>
         <value>0x1d5f9</value>
         <object_component_ref idref="oc-38"/>
      </symbol>
      <symbol id="sm-752">
         <name>Timer5BISR</name>
         <value>0x1d581</value>
         <object_component_ref idref="oc-38"/>
      </symbol>
      <symbol id="sm-753">
         <name>TimerControlTrigger</name>
         <value>0x1ce8d</value>
         <object_component_ref idref="oc-38"/>
      </symbol>
      <symbol id="sm-754">
         <name>WTimer2BISR</name>
         <value>0x1d5bd</value>
         <object_component_ref idref="oc-38"/>
      </symbol>
      <symbol id="sm-755">
         <name>TimerPrescaleSet</name>
         <value>0x1d409</value>
         <object_component_ref idref="oc-38"/>
      </symbol>
      <symbol id="sm-756">
         <name>Timer2BISR</name>
         <value>0x1d545</value>
         <object_component_ref idref="oc-38"/>
      </symbol>
      <symbol id="sm-757">
         <name>TimerStartUse</name>
         <value>0x1cc61</value>
         <object_component_ref idref="oc-38"/>
      </symbol>
      <symbol id="sm-758">
         <name>TimerControlStall</name>
         <value>0x1cdf5</value>
         <object_component_ref idref="oc-38"/>
      </symbol>
      <symbol id="sm-759">
         <name>TimerMatchGet64</name>
         <value>0x1d28d</value>
         <object_component_ref idref="oc-38"/>
      </symbol>
      <symbol id="sm-75a">
         <name>WTimer3BISR</name>
         <value>0x1d5d1</value>
         <object_component_ref idref="oc-38"/>
      </symbol>
      <symbol id="sm-75b">
         <name>TimerLoadGet</name>
         <value>0x1d13f</value>
         <object_component_ref idref="oc-38"/>
      </symbol>
      <symbol id="sm-75c">
         <name>Timer3BISR</name>
         <value>0x1d559</value>
         <object_component_ref idref="oc-38"/>
      </symbol>
      <symbol id="sm-75d">
         <name>TimerIntEnable</name>
         <value>0x1d0af</value>
         <object_component_ref idref="oc-38"/>
      </symbol>
      <symbol id="sm-75e">
         <name>TimerLoadSet64</name>
         <value>0x1d215</value>
         <object_component_ref idref="oc-38"/>
      </symbol>
      <symbol id="sm-75f">
         <name>WTimer0BISR</name>
         <value>0x1d595</value>
         <object_component_ref idref="oc-38"/>
      </symbol>
      <symbol id="sm-760">
         <name>TimerPrescaleMatchSet</name>
         <value>0x1d3c1</value>
         <object_component_ref idref="oc-38"/>
      </symbol>
      <symbol id="sm-761">
         <name>TimerControlWaitOnTrigger</name>
         <value>0x1cf2d</value>
         <object_component_ref idref="oc-38"/>
      </symbol>
      <symbol id="sm-762">
         <name>Timer0BISR</name>
         <value>0x1d51d</value>
         <object_component_ref idref="oc-38"/>
      </symbol>
      <symbol id="sm-763">
         <name>TimerConfigure</name>
         <value>0x1cc91</value>
         <object_component_ref idref="oc-38"/>
      </symbol>
      <symbol id="sm-764">
         <name>TimerControlEvent</name>
         <value>0x1cccd</value>
         <object_component_ref idref="oc-38"/>
      </symbol>
      <symbol id="sm-765">
         <name>WTimer4AISR</name>
         <value>0x1d5db</value>
         <object_component_ref idref="oc-38"/>
      </symbol>
      <symbol id="sm-766">
         <name>TimerIntClear</name>
         <value>0x1d07b</value>
         <object_component_ref idref="oc-38"/>
      </symbol>
      <symbol id="sm-767">
         <name>Timer4AISR</name>
         <value>0x1d563</value>
         <object_component_ref idref="oc-38"/>
      </symbol>
      <symbol id="sm-768">
         <name>WTimer1BISR</name>
         <value>0x1d5a9</value>
         <object_component_ref idref="oc-38"/>
      </symbol>
      <symbol id="sm-77f">
         <name>pwm_init</name>
         <value>0x1f5b1</value>
         <object_component_ref idref="oc-212"/>
      </symbol>
      <symbol id="sm-780">
         <name>pwm_set_duty_cycle</name>
         <value>0x1f605</value>
         <object_component_ref idref="oc-212"/>
      </symbol>
      <symbol id="sm-7b0">
         <name>ulMaxSyscallInterruptPriority</name>
         <value>0x1fbd4</value>
         <object_component_ref idref="oc-82"/>
      </symbol>
      <symbol id="sm-7b1">
         <name>vPortSetupTimerInterrupt</name>
         <value>0x1f263</value>
         <object_component_ref idref="oc-32"/>
      </symbol>
      <symbol id="sm-7b2">
         <name>vPortEndScheduler</name>
         <value>0x1f205</value>
         <object_component_ref idref="oc-32"/>
      </symbol>
      <symbol id="sm-7b3">
         <name>xPortSysTickHandler</name>
         <value>0x1f23d</value>
         <object_component_ref idref="oc-32"/>
      </symbol>
      <symbol id="sm-7b4">
         <name>pxPortInitialiseStack</name>
         <value>0x1f169</value>
         <object_component_ref idref="oc-32"/>
      </symbol>
      <symbol id="sm-7b5">
         <name>vPortExitCritical</name>
         <value>0x1f227</value>
         <object_component_ref idref="oc-32"/>
      </symbol>
      <symbol id="sm-7b6">
         <name>xPortStartScheduler</name>
         <value>0x1f1cf</value>
         <object_component_ref idref="oc-32"/>
      </symbol>
      <symbol id="sm-7b7">
         <name>vPortEnterCritical</name>
         <value>0x1f207</value>
         <object_component_ref idref="oc-32"/>
      </symbol>
      <symbol id="sm-7c6">
         <name>vPortStartFirstTask</name>
         <value>0x1f72d</value>
         <object_component_ref idref="oc-2d"/>
      </symbol>
      <symbol id="sm-7c7">
         <name>ulPortGetIPSR</name>
         <value>0x1f695</value>
         <object_component_ref idref="oc-2d"/>
      </symbol>
      <symbol id="sm-7c8">
         <name>vPortEnableVFP</name>
         <value>0x1f749</value>
         <object_component_ref idref="oc-2d"/>
      </symbol>
      <symbol id="sm-7c9">
         <name>xPortPendSVHandler</name>
         <value>0x1f6ad</value>
         <object_component_ref idref="oc-2d"/>
      </symbol>
      <symbol id="sm-7ca">
         <name>vPortSVCHandler</name>
         <value>0x1f70d</value>
         <object_component_ref idref="oc-2d"/>
      </symbol>
      <symbol id="sm-811">
         <name>vPortInitialiseBlocks</name>
         <value>0x1ea41</value>
         <object_component_ref idref="oc-108"/>
      </symbol>
      <symbol id="sm-812">
         <name>xPortGetFreeHeapSize</name>
         <value>0x1ea3b</value>
         <object_component_ref idref="oc-108"/>
      </symbol>
      <symbol id="sm-813">
         <name>pvPortMalloc</name>
         <value>0x1e8e5</value>
         <object_component_ref idref="oc-108"/>
      </symbol>
      <symbol id="sm-814">
         <name>vPortFree</name>
         <value>0x1e9dd</value>
         <object_component_ref idref="oc-108"/>
      </symbol>
      <symbol id="sm-82b">
         <name>__aeabi_dsub</name>
         <value>0x1ea9d</value>
         <object_component_ref idref="oc-243"/>
      </symbol>
      <symbol id="sm-82c">
         <name>__aeabi_dadd</name>
         <value>0x1eaa7</value>
         <object_component_ref idref="oc-243"/>
      </symbol>
      <symbol id="sm-840">
         <name>__aeabi_ddiv</name>
         <value>0x1ef09</value>
         <object_component_ref idref="oc-23e"/>
      </symbol>
      <symbol id="sm-84b">
         <name>__aeabi_dmul</name>
         <value>0x1f4b5</value>
         <object_component_ref idref="oc-239"/>
      </symbol>
      <symbol id="sm-855">
         <name>__aeabi_d2uiz</name>
         <value>0x1fad1</value>
         <object_component_ref idref="oc-248"/>
      </symbol>
      <symbol id="sm-870">
         <name>memcpy</name>
         <value>0x1f81b</value>
         <object_component_ref idref="oc-4c"/>
      </symbol>
      <symbol id="sm-871">
         <name>__aeabi_memcpy</name>
         <value>0x1f81b</value>
         <object_component_ref idref="oc-4c"/>
      </symbol>
      <symbol id="sm-872">
         <name>__aeabi_memcpy8</name>
         <value>0x1f81b</value>
         <object_component_ref idref="oc-4c"/>
      </symbol>
      <symbol id="sm-873">
         <name>__aeabi_memcpy4</name>
         <value>0x1f81b</value>
         <object_component_ref idref="oc-4c"/>
      </symbol>
      <symbol id="sm-87d">
         <name>__aeabi_ui2d</name>
         <value>0x1fb49</value>
         <object_component_ref idref="oc-234"/>
      </symbol>
      <symbol id="sm-88c">
         <name>__aeabi_memset</name>
         <value>0x1f935</value>
         <object_component_ref idref="oc-d0"/>
      </symbol>
      <symbol id="sm-88d">
         <name>memset</name>
         <value>0x1f93b</value>
         <object_component_ref idref="oc-d0"/>
      </symbol>
      <symbol id="sm-88e">
         <name>__aeabi_memset8</name>
         <value>0x1f935</value>
         <object_component_ref idref="oc-d0"/>
      </symbol>
      <symbol id="sm-88f">
         <name>__aeabi_memset4</name>
         <value>0x1f935</value>
         <object_component_ref idref="oc-d0"/>
      </symbol>
      <symbol id="sm-890">
         <name>__aeabi_memclr8</name>
         <value>0x1f933</value>
         <object_component_ref idref="oc-d0"/>
      </symbol>
      <symbol id="sm-891">
         <name>__aeabi_memclr4</name>
         <value>0x1f933</value>
         <object_component_ref idref="oc-d0"/>
      </symbol>
      <symbol id="sm-892">
         <name>__aeabi_memclr</name>
         <value>0x1f933</value>
         <object_component_ref idref="oc-d0"/>
      </symbol>
      <symbol id="sm-8a9">
         <name>__TI_zero_init</name>
         <value>0x1fb77</value>
         <object_component_ref idref="oc-5e"/>
      </symbol>
      <symbol id="sm-8c0">
         <name>__TI_decompress_none</name>
         <value>0x1fb69</value>
         <object_component_ref idref="oc-1b"/>
      </symbol>
      <symbol id="sm-8e3">
         <name>__TI_decompress_lzss</name>
         <value>0x1fa25</value>
         <object_component_ref idref="oc-15"/>
      </symbol>
      <symbol id="sm-8f6">
         <name>__stack</name>
         <value>0x200077c8</value>
         <object_component_ref idref="oc-24"/>
      </symbol>
      <symbol id="sm-8f7">
         <name>_c_int00_noargs</name>
         <value>0x1fb15</value>
         <object_component_ref idref="oc-6a"/>
      </symbol>
      <symbol id="sm-91f">
         <name>__TI_auto_init_nobinit_nopinit</name>
         <value>0x1fa8d</value>
         <object_component_ref idref="oc-189"/>
      </symbol>
      <symbol id="sm-929">
         <name>_system_pre_init</name>
         <value>0x1fb8f</value>
         <object_component_ref idref="oc-d6"/>
      </symbol>
      <symbol id="sm-935">
         <name>C$$EXIT</name>
         <value>0x1fb93</value>
         <object_component_ref idref="oc-17d"/>
      </symbol>
      <symbol id="sm-936">
         <name>abort</name>
         <value>0x1fb93</value>
         <object_component_ref idref="oc-17d"/>
      </symbol>
      <symbol id="sm-939">
         <name>__TI_static_base__</name>
         <value>0x1fbe8</value>
      </symbol>
      <symbol id="sm-93c">
         <name>__mpu_init</name>
         <value>0x0</value>
      </symbol>
      <symbol id="sm-93d">
         <name>_system_post_cinit</name>
         <value>0x0</value>
      </symbol>
   </symbol_table>
   <title>Link successful</title>
</link_info>
