******************************************************************************
                  TI ARM Linker PC v20.2.7                     
******************************************************************************
>> Linked Sun Oct  1 21:19:27 2023

OUTPUT FILE NAME:   <CarProjectRTOS.out>
ENTRY POINT SYMBOL: "_c_int00_noargs"  address: 0001fb15


MEMORY CONFIGURATION

         name            origin    length      used     unused   attr    fill
----------------------  --------  ---------  --------  --------  ----  --------
  FLASH                 0001a800   00025800  00005472  0002038e  R  X
  SRAM                  20000000   00008000  00007a71  0000058f  RW X


SEGMENT ALLOCATION MAP

run origin  load origin   length   init length attrs members
----------  ----------- ---------- ----------- ----- -------
0001a800    0001a800    00005478   00005478    r-x
  0001a800    0001a800    0000026c   0000026c    r-- .intvecs
  0001aa6c    0001aa6c    0000512a   0000512a    r-x .text
  0001fb98    0001fb98    0000004c   0000004c    r-- .const
  0001fbe8    0001fbe8    00000090   00000090    r-- .cinit
20000000    20000000    00007a78   00000000    rw-
  20000000    20000000    000077c1   00000000    rw- .bss
  200077c8    200077c8    00000200   00000000    rw- .stack
  200079c8    200079c8    000000b0   00000000    rw- .data


SECTION ALLOCATION MAP

 output                                  attributes/
section   page    origin      length       input sections
--------  ----  ----------  ----------   ----------------
.intvecs   0    0001a800    0000026c     
                  0001a800    0000026c     tm4c123gh6pm_startup_ccs.obj (.intvecs)

.text      0    0001aa6c    0000512a     
                  0001aa6c    00001768     tasks.obj (.text)
                  0001c1d4    00000a8c     DIO.obj (.text)
                  0001cc60    00000a08     GPTM.obj (.text)
                  0001d668    00000988     queue.obj (.text)
                  0001dff0    000003fc     LCD_program.obj (.text)
                  0001e3ec    000002a0     APP.obj (.text)
                  0001e68c    00000258     ADC.obj (.text)
                  0001e8e4    000001b8     heap_2.obj (.text)
                  0001ea9c    000001b6     rtsv7M4_T_le_v4SPD16_eabi.lib : fd_add_t2.asm.obj (.text)
                  0001ec52    00000002     --HOLE-- [fill = 0]
                  0001ec54    00000168     LDR.obj (.text)
                  0001edbc    0000014c     ULTRASONIC_program.obj (.text)
                  0001ef08    00000136     rtsv7M4_T_le_v4SPD16_eabi.lib : fd_div_t2.asm.obj (.text)
                  0001f03e    0000012a     list.obj (.text)
                  0001f168    00000128     port.obj (.text)
                  0001f290    00000114     main.obj (.text)
                  0001f3a4    00000110     DIO_Config.obj (.text)
                  0001f4b4    000000fc     rtsv7M4_T_le_v4SPD16_eabi.lib : fd_mul_t2.asm.obj (.text)
                  0001f5b0    000000d4     PWM_program.obj (.text)
                  0001f684    000000d2     portasm.obj (.text)
                  0001f756    000000c4     Motor.obj (.text)
                  0001f81a    0000009c     rtsv7M4_T_le_v4SPD16_eabi.lib : memcpy_t2.asm.obj (.text)
                  0001f8b6    0000007c     Delay.obj (.text)
                  0001f932    0000007a     rtsv7M4_T_le_v4SPD16_eabi.lib : memset_t2.asm.obj (.text)
                  0001f9ac    00000078     TempSensor.obj (.text)
                  0001fa24    00000068     rtsv7M4_T_le_v4SPD16_eabi.lib : copy_decompress_lzss.c.obj (.text:decompress:lzss:__TI_decompress_lzss)
                  0001fa8c    00000044                                   : autoinit.c.obj (.text:__TI_auto_init_nobinit_nopinit:__TI_auto_init_nobinit_nopinit)
                  0001fad0    00000044                                   : fd_tou_t2.asm.obj (.text)
                  0001fb14    00000034                                   : boot_cortex_m.c.obj (.text:_c_int00_noargs:_c_int00_noargs)
                  0001fb48    00000020                                   : u_tofd_t2.asm.obj (.text)
                  0001fb68    0000000e                                   : copy_decompress_none.c.obj (.text:decompress:none:__TI_decompress_none)
                  0001fb76    0000000c                                   : copy_zero_init.c.obj (.text:decompress:ZI:__TI_zero_init)
                  0001fb82    0000000c     tm4c123gh6pm_startup_ccs.obj (.text)
                  0001fb8e    00000004     rtsv7M4_T_le_v4SPD16_eabi.lib : pre_init.c.obj (.text:_system_pre_init)
                  0001fb92    00000004                                   : exit.c.obj (.text:abort:abort)

.const     0    0001fb98    0000004c     
                  0001fb98    0000000a     DIO_Config.obj (.const:$P$T1$1)
                  0001fba2    0000000a     DIO_Config.obj (.const:$P$T11$11)
                  0001fbac    0000000a     DIO_Config.obj (.const:$P$T3$3)
                  0001fbb6    0000000a     DIO_Config.obj (.const:$P$T5$5)
                  0001fbc0    0000000a     DIO_Config.obj (.const:$P$T7$7)
                  0001fbca    0000000a     DIO_Config.obj (.const:$P$T9$9)
                  0001fbd4    00000004     port.obj (.const)
                  0001fbd8    00000002     DIO_Config.obj (.const:$P$T10$10)
                  0001fbda    00000002     DIO_Config.obj (.const:$P$T12$12)
                  0001fbdc    00000002     DIO_Config.obj (.const:$P$T2$2)
                  0001fbde    00000002     DIO_Config.obj (.const:$P$T4$4)
                  0001fbe0    00000002     DIO_Config.obj (.const:$P$T6$6)
                  0001fbe2    00000002     DIO_Config.obj (.const:$P$T8$8)

.cinit     0    0001fbe8    00000090     
                  0001fbe8    00000069     (.cinit..data.load) [load image, compression = lzss]
                  0001fc51    00000003     --HOLE-- [fill = 0]
                  0001fc54    0000000c     (__TI_handler_table)
                  0001fc60    00000008     (.cinit..bss.load) [load image, compression = zero_init]
                  0001fc68    00000010     (__TI_cinit_table)

.init_array 
*          0    0001a800    00000000     UNINITIALIZED

.bss       0    20000000    000077c1     UNINITIALIZED
                  20000000    00007530     heap_2.obj (.bss:ucHeap)
                  20007530    00000140     tasks.obj (.bss:pxReadyTasksLists)
                  20007670    00000060     (.common:TimersISR_ptr)
                  200076d0    00000050     (.common:xQueueRegistry)
                  20007720    00000018     (.common:PortStruct_ptr)
                  20007738    00000014     tasks.obj (.bss:xDelayedTaskList1)
                  2000774c    00000014     tasks.obj (.bss:xDelayedTaskList2)
                  20007760    00000014     tasks.obj (.bss:xPendingReadyList)
                  20007774    00000014     tasks.obj (.bss:xSuspendedTaskList)
                  20007788    00000014     tasks.obj (.bss:xTasksWaitingTermination)
                  2000779c    00000008     tasks.obj (.bss)
                  200077a4    00000008     heap_2.obj (.bss:xEnd)
                  200077ac    00000008     heap_2.obj (.bss:xStart)
                  200077b4    00000004     LCD_program.obj (.bss:dataPins)
                  200077b8    00000004     LCD_program.obj (.bss:dataPorts)
                  200077bc    00000004     (.common:sMutex)
                  200077c0    00000001     (.common:LDR_reading)

.data      0    200079c8    000000b0     UNINITIALIZED
                  200079c8    00000030     GPTM.obj (.data:TIMERS)
                  200079f8    00000030     tasks.obj (.data)
                  20007a28    00000014     GPTM.obj (.data:NVIC_RegPtr)
                  20007a3c    0000000e     LCD_program.obj (.data)
                  20007a4a    00000002     --HOLE--
                  20007a4c    00000008     ADC.obj (.data:ADCs)
                  20007a54    00000008     APP.obj (.data)
                  20007a5c    00000008     LDR.obj (.data)
                  20007a64    00000008     heap_2.obj (.data)
                  20007a6c    00000006     DIO_Config.obj (.data:Ports_Operating)
                  20007a72    00000002     --HOLE--
                  20007a74    00000004     port.obj (.data)

.stack     0    200077c8    00000200     UNINITIALIZED
                  200077c8    00000004     rtsv7M4_T_le_v4SPD16_eabi.lib : boot_cortex_m.c.obj (.stack)
                  200077cc    000001fc     --HOLE--

__llvm_prf_cnts 
*          0    20000000    00000000     UNINITIALIZED

MODULE SUMMARY

       Module                         code    ro data   rw data
       ------                         ----    -------   -------
    .\
       tasks.obj                      5992    0         476    
       queue.obj                      2440    0         80     
       tm4c123gh6pm_startup_ccs.obj   12      620       0      
       list.obj                       298     0         0      
       main.obj                       276     0         4      
    +--+------------------------------+-------+---------+---------+
       Total:                         9018    620       560    
                                                               
    .\APP\
       APP.obj                        672     0         9      
    +--+------------------------------+-------+---------+---------+
       Total:                         672     0         9      
                                                               
    .\HAL\LCD\
       LCD_program.obj                1020    0         22     
    +--+------------------------------+-------+---------+---------+
       Total:                         1020    0         22     
                                                               
    .\HAL\LDR\
       LDR.obj                        360     0         8      
    +--+------------------------------+-------+---------+---------+
       Total:                         360     0         8      
                                                               
    .\HAL\MOTOR\
       Motor.obj                      196     0         0      
    +--+------------------------------+-------+---------+---------+
       Total:                         196     0         0      
                                                               
    .\HAL\TEMPSENSOR\
       TempSensor.obj                 120     0         0      
    +--+------------------------------+-------+---------+---------+
       Total:                         120     0         0      
                                                               
    .\HAL\ULTRASONIC\
       ULTRASONIC_program.obj         332     0         0      
    +--+------------------------------+-------+---------+---------+
       Total:                         332     0         0      
                                                               
    .\LIB\
       Delay.obj                      124     0         0      
    +--+------------------------------+-------+---------+---------+
       Total:                         124     0         0      
                                                               
    .\MCAL\ADC\
       ADC.obj                        600     0         8      
    +--+------------------------------+-------+---------+---------+
       Total:                         600     0         8      
                                                               
    .\MCAL\DIO\
       DIO.obj                        2700    0         0      
       DIO_Config.obj                 272     72        30     
    +--+------------------------------+-------+---------+---------+
       Total:                         2972    72        30     
                                                               
    .\MCAL\GPTM\
       GPTM.obj                       2568    0         164    
    +--+------------------------------+-------+---------+---------+
       Total:                         2568    0         164    
                                                               
    .\MCAL\PWM\
       PWM_program.obj                212     0         0      
    +--+------------------------------+-------+---------+---------+
       Total:                         212     0         0      
                                                               
    .\portable\CCS\ARM_CM4F\
       port.obj                       296     4         4      
       portasm.obj                    210     0         0      
    +--+------------------------------+-------+---------+---------+
       Total:                         506     4         4      
                                                               
    .\portable\MemMang\
       heap_2.obj                     440     0         30024  
    +--+------------------------------+-------+---------+---------+
       Total:                         440     0         30024  
                                                               
    C:\ti\ccs1240\ccs\tools\compiler\ti-cgt-arm_20.2.7.LTS\lib\rtsv7M4_T_le_v4SPD16_eabi.lib
       fd_add_t2.asm.obj              438     0         0      
       fd_div_t2.asm.obj              310     0         0      
       fd_mul_t2.asm.obj              252     0         0      
       memcpy_t2.asm.obj              156     0         0      
       memset_t2.asm.obj              122     0         0      
       copy_decompress_lzss.c.obj     104     0         0      
       autoinit.c.obj                 68      0         0      
       fd_tou_t2.asm.obj              68      0         0      
       boot_cortex_m.c.obj            52      0         0      
       u_tofd_t2.asm.obj              32      0         0      
       copy_decompress_none.c.obj     14      0         0      
       copy_zero_init.c.obj           12      0         0      
       exit.c.obj                     4       0         0      
       pre_init.c.obj                 4       0         0      
    +--+------------------------------+-------+---------+---------+
       Total:                         1636    0         0      
                                                               
       Stack:                         0       0         512    
       Linker Generated:              0       141       0      
    +--+------------------------------+-------+---------+---------+
       Grand Total:                   20776   837       31341  


LINKER GENERATED COPY TABLES

__TI_cinit_table @ 0001fc68 records: 2, size/record: 8, table size: 16
	.data: load addr=0001fbe8, load size=00000069 bytes, run addr=200079c8, run size=000000b0 bytes, compression=lzss
	.bss: load addr=0001fc60, load size=00000008 bytes, run addr=20000000, run size=000077c1 bytes, compression=zero_init


LINKER GENERATED HANDLER TABLE

__TI_handler_table @ 0001fc54 records: 3, size/record: 4, table size: 12
	index: 0, handler: __TI_decompress_lzss
	index: 1, handler: __TI_decompress_none
	index: 2, handler: __TI_zero_init


GLOBAL SYMBOLS: SORTED ALPHABETICALLY BY Name 

address   name                             
-------   ----                             
0001e6af  ADCInitSampler                   
0001e7bd  ADCRead                          
0001e68d  ADCStartUse                      
0001e869  ADCTempEnable                    
20007a4c  ADCs                             
0001fb93  C$$EXIT                          
0001ec55  Calibrate                        
0001cb67  DIO_Read                         
0001ca09  DIO_ReadPin                      
0001caad  DIO_ReadPort                     
0001cbbd  DIO_Set_Pullup                   
0001cb25  DIO_Write                        
0001c871  DIO_WritePin                     
0001c91d  DIO_WritePort                    
0001c519  GPIO_InterruptInit               
0001d4c7  GetEnBit                         
0001e34d  LCDSendInt                       
0001ecb7  LDR_Comp                         
0001ec8b  LDR_Init                         
200077c0  LDR_reading                      
0001e239  LcdGoTo                          
0001dff1  LcdInit                          
0001e259  LcdSaveCustomChar                
0001e11f  LcdSendCommand                   
0001e06b  LcdSendData                      
0001e1cb  LcdSendString                    
0001ee37  Measure_Distance                 
0001f7df  MotorBackward                    
0001f773  MotorForward                     
0001f757  MotorInit                        
0001f803  MotorStop                        
0001f7bb  MotorTurnLeft                    
0001f797  MotorTurnRight                   
20007a28  NVIC_RegPtr                      
0001c1d5  PORTS_Operation                  
0001f3a5  PORT_CONFIG                      
0001c233  PORT_Init                        
20007720  PortStruct_ptr                   
20007a6c  Ports_Operating                  
20007a5c  R1_DIFF                          
20007a60  R2_DIFF                          
20007a58  Reading_differece                
0001fb83  ResetISR                         
200079c8  TIMERS                           
0001f9ad  TempInit                         
0001f9cb  TempRead                         
0001d513  Timer0AISR                       
0001d51d  Timer0BISR                       
0001d527  Timer1AISR                       
0001d531  Timer1BISR                       
0001d53b  Timer2AISR                       
0001d545  Timer2BISR                       
0001d54f  Timer3AISR                       
0001d559  Timer3BISR                       
0001d563  Timer4AISR                       
0001d56d  Timer4BISR                       
0001d577  Timer5AISR                       
0001d581  Timer5BISR                       
0001cc91  TimerConfigure                   
0001cccd  TimerControlEvent                
0001cd5d  TimerControlLevel                
0001cdf5  TimerControlStall                
0001ce8d  TimerControlTrigger              
0001cf2d  TimerControlWaitOnTrigger        
0001cfcb  TimerDisable                     
0001d023  TimerEnable                      
0001d07b  TimerIntClear                    
0001d093  TimerIntDisable                  
0001d0af  TimerIntEnable                   
0001d0cb  TimerIntNVICEnable               
0001d0d9  TimerIntRegister                 
0001d125  TimerIntStatus                   
0001d13f  TimerLoadGet                     
0001d189  TimerLoadGet64                   
0001d1c1  TimerLoadSet                     
0001d215  TimerLoadSet64                   
0001d243  TimerMatchGet                    
0001d28d  TimerMatchGet64                  
0001d2c9  TimerMatchSet                    
0001d311  TimerMatchSet64                  
0001d341  TimerPrescaleGet                 
0001d381  TimerPrescaleMatchGet            
0001d3c1  TimerPrescaleMatchSet            
0001d409  TimerPrescaleSet                 
0001cc61  TimerStartUse                    
0001d451  TimerValueGet                    
0001d495  TimerValueGet64                  
20007670  TimersISR_ptr                    
0001ee0d  Ultrasonic_Init                  
0001d58b  WTimer0AISR                      
0001d595  WTimer0BISR                      
0001d59f  WTimer1AISR                      
0001d5a9  WTimer1BISR                      
0001d5b3  WTimer2AISR                      
0001d5bd  WTimer2BISR                      
0001d5c7  WTimer3AISR                      
0001d5d1  WTimer3BISR                      
0001d5db  WTimer4AISR                      
0001d5e5  WTimer4BISR                      
0001d5ef  WTimer5AISR                      
0001d5f9  WTimer5BISR                      
200079c8  __STACK_END                      
00000200  __STACK_SIZE                     
200079c8  __STACK_TOP                      
0001fc68  __TI_CINIT_Base                  
0001fc78  __TI_CINIT_Limit                 
0001fc54  __TI_Handler_Table_Base          
0001fc60  __TI_Handler_Table_Limit         
0001fa8d  __TI_auto_init_nobinit_nopinit   
0001fa25  __TI_decompress_lzss             
0001fb69  __TI_decompress_none             
ffffffff  __TI_pprof_out_hndl              
ffffffff  __TI_prof_data_size              
ffffffff  __TI_prof_data_start             
0001fbe8  __TI_static_base__               
0001fb77  __TI_zero_init                   
0001fad1  __aeabi_d2uiz                    
0001eaa7  __aeabi_dadd                     
0001ef09  __aeabi_ddiv                     
0001f4b5  __aeabi_dmul                     
0001ea9d  __aeabi_dsub                     
0001f933  __aeabi_memclr                   
0001f933  __aeabi_memclr4                  
0001f933  __aeabi_memclr8                  
0001f81b  __aeabi_memcpy                   
0001f81b  __aeabi_memcpy4                  
0001f81b  __aeabi_memcpy8                  
0001f935  __aeabi_memset                   
0001f935  __aeabi_memset4                  
0001f935  __aeabi_memset8                  
0001fb49  __aeabi_ui2d                     
ffffffff  __binit__                        
ffffffff  __c_args__                       
UNDEFED   __mpu_init                       
200077c8  __stack                          
20000000  __start___llvm_prf_cnts          
20000000  __stop___llvm_prf_cnts           
0001fb15  _c_int00_noargs                  
UNDEFED   _system_post_cinit               
0001fb8f  _system_pre_init                 
0001fb93  abort                            
0001c699  alt_Function                     
0001c7c9  analog_Mode                      
0001e4d3  avoid_obstacles                  
ffffffff  binit                            
0001e5b5  button_check                     
20007a54  currunt_state                    
0001f8b7  delay_ms                         
0001f8f9  delay_us                         
0001a800  g_pfnVectors                     
0001e42f  lcd_display                      
0001e59d  lcd_display_const_string         
0001e3ed  ldr_swing_car                    
0001f29b  main                             
0001f81b  memcpy                           
0001f93b  memset                           
0001e8e5  pvPortMalloc                     
0001bd21  pvTaskIncrementMutexHeldCount    
0001f5b1  pwm_init                         
0001f605  pwm_set_duty_cycle               
200079f8  pxCurrentTCB                     
0001f169  pxPortInitialiseStack            
200077bc  sMutex                           
0001dd5d  ucQueueGetQueueType              
0001fbd4  ulMaxSyscallInterruptPriority    
0001f695  ulPortGetIPSR                    
0001bd39  ulTaskNotifyTake                 
0001f121  uxListRemove                     
0001dd3d  uxQueueGetQueueNumber            
0001dcdf  uxQueueMessagesWaiting           
0001dd15  uxQueueMessagesWaitingFromISR    
0001dcf5  uxQueueSpacesAvailable           
0001b249  uxTaskGetNumberOfTasks           
0001bafd  uxTaskGetStackHighWaterMark      
0001b255  uxTaskGetSystemState             
0001b76d  uxTaskGetTaskNumber              
0001ad23  uxTaskPriorityGet                
0001ad51  uxTaskPriorityGetFromISR         
0001bcff  uxTaskResetEventItemValue        
0001f291  vApplicationStackOverflowHook    
0001f03f  vListInitialise                  
0001f06f  vListInitialiseItem              
0001f0bb  vListInsert                      
0001f07f  vListInsertEnd                   
0001f749  vPortEnableVFP                   
0001f205  vPortEndScheduler                
0001f207  vPortEnterCritical               
0001f227  vPortExitCritical                
0001e9dd  vPortFree                        
0001ea41  vPortInitialiseBlocks            
0001f70d  vPortSVCHandler                  
0001f263  vPortSetupTimerInterrupt         
0001f72d  vPortStartFirstTask              
0001df6d  vQueueAddToRegistry              
0001dd27  vQueueDelete                     
0001dd4b  vQueueSetQueueNumber             
0001dfaf  vQueueUnregisterQueue            
0001acc7  vTaskDelay                       
0001ac1f  vTaskDelayUntil                  
0001ab83  vTaskDelete                      
0001b119  vTaskEndScheduler                
0001b75b  vTaskMissedYield                 
0001c0dd  vTaskNotifyGiveFromISR           
0001b4f9  vTaskPlaceOnEventList            
0001b561  vTaskPlaceOnUnorderedEventList   
0001bba9  vTaskPriorityInherit             
0001ada9  vTaskPrioritySet                 
0001afaf  vTaskResume                      
0001b78d  vTaskSetTaskNumber               
0001b6c3  vTaskSetTimeOutState             
0001b0c1  vTaskStartScheduler              
0001aebd  vTaskSuspend                     
0001b135  vTaskSuspendAll                  
0001b44d  vTaskSwitchContext               
0001ea3b  xPortGetFreeHeapSize             
0001f6ad  xPortPendSVHandler               
0001f1cf  xPortStartScheduler              
0001f23d  xPortSysTickHandler              
0001d775  xQueueCreateMutex                
0001d705  xQueueGenericCreate              
0001daa3  xQueueGenericReceive             
0001d669  xQueueGenericReset               
0001d871  xQueueGenericSend                
0001d997  xQueueGenericSendFromISR         
0001da23  xQueueGiveFromISR                
0001d7eb  xQueueGiveMutexRecursive         
0001df09  xQueueIsQueueEmptyFromISR        
0001df4b  xQueueIsQueueFullFromISR         
0001dc8d  xQueuePeekFromISR                
0001dc07  xQueueReceiveFromISR             
200076d0  xQueueRegistry                   
0001d827  xQueueTakeMutexRecursive         
0001b6e1  xTaskCheckForTimeOut             
0001aa6d  xTaskGenericCreate               
0001bee3  xTaskGenericNotify               
0001bfd5  xTaskGenericNotifyFromISR        
0001bb8b  xTaskGetCurrentTaskHandle        
0001b221  xTaskGetTickCount                
0001b231  xTaskGetTickCountFromISR         
0001b329  xTaskIncrementTick               
0001c183  xTaskNotifyStateClear            
0001bdfd  xTaskNotifyWait                  
0001bc63  xTaskPriorityDisinherit          
0001b5d5  xTaskRemoveFromEventList         
0001b651  xTaskRemoveFromUnorderedEventList
0001b14d  xTaskResumeAll                   
0001b031  xTaskResumeFromISR               


GLOBAL SYMBOLS: SORTED BY Symbol Address 

address   name                             
-------   ----                             
00000200  __STACK_SIZE                     
0001a800  g_pfnVectors                     
0001aa6d  xTaskGenericCreate               
0001ab83  vTaskDelete                      
0001ac1f  vTaskDelayUntil                  
0001acc7  vTaskDelay                       
0001ad23  uxTaskPriorityGet                
0001ad51  uxTaskPriorityGetFromISR         
0001ada9  vTaskPrioritySet                 
0001aebd  vTaskSuspend                     
0001afaf  vTaskResume                      
0001b031  xTaskResumeFromISR               
0001b0c1  vTaskStartScheduler              
0001b119  vTaskEndScheduler                
0001b135  vTaskSuspendAll                  
0001b14d  xTaskResumeAll                   
0001b221  xTaskGetTickCount                
0001b231  xTaskGetTickCountFromISR         
0001b249  uxTaskGetNumberOfTasks           
0001b255  uxTaskGetSystemState             
0001b329  xTaskIncrementTick               
0001b44d  vTaskSwitchContext               
0001b4f9  vTaskPlaceOnEventList            
0001b561  vTaskPlaceOnUnorderedEventList   
0001b5d5  xTaskRemoveFromEventList         
0001b651  xTaskRemoveFromUnorderedEventList
0001b6c3  vTaskSetTimeOutState             
0001b6e1  xTaskCheckForTimeOut             
0001b75b  vTaskMissedYield                 
0001b76d  uxTaskGetTaskNumber              
0001b78d  vTaskSetTaskNumber               
0001bafd  uxTaskGetStackHighWaterMark      
0001bb8b  xTaskGetCurrentTaskHandle        
0001bba9  vTaskPriorityInherit             
0001bc63  xTaskPriorityDisinherit          
0001bcff  uxTaskResetEventItemValue        
0001bd21  pvTaskIncrementMutexHeldCount    
0001bd39  ulTaskNotifyTake                 
0001bdfd  xTaskNotifyWait                  
0001bee3  xTaskGenericNotify               
0001bfd5  xTaskGenericNotifyFromISR        
0001c0dd  vTaskNotifyGiveFromISR           
0001c183  xTaskNotifyStateClear            
0001c1d5  PORTS_Operation                  
0001c233  PORT_Init                        
0001c519  GPIO_InterruptInit               
0001c699  alt_Function                     
0001c7c9  analog_Mode                      
0001c871  DIO_WritePin                     
0001c91d  DIO_WritePort                    
0001ca09  DIO_ReadPin                      
0001caad  DIO_ReadPort                     
0001cb25  DIO_Write                        
0001cb67  DIO_Read                         
0001cbbd  DIO_Set_Pullup                   
0001cc61  TimerStartUse                    
0001cc91  TimerConfigure                   
0001cccd  TimerControlEvent                
0001cd5d  TimerControlLevel                
0001cdf5  TimerControlStall                
0001ce8d  TimerControlTrigger              
0001cf2d  TimerControlWaitOnTrigger        
0001cfcb  TimerDisable                     
0001d023  TimerEnable                      
0001d07b  TimerIntClear                    
0001d093  TimerIntDisable                  
0001d0af  TimerIntEnable                   
0001d0cb  TimerIntNVICEnable               
0001d0d9  TimerIntRegister                 
0001d125  TimerIntStatus                   
0001d13f  TimerLoadGet                     
0001d189  TimerLoadGet64                   
0001d1c1  TimerLoadSet                     
0001d215  TimerLoadSet64                   
0001d243  TimerMatchGet                    
0001d28d  TimerMatchGet64                  
0001d2c9  TimerMatchSet                    
0001d311  TimerMatchSet64                  
0001d341  TimerPrescaleGet                 
0001d381  TimerPrescaleMatchGet            
0001d3c1  TimerPrescaleMatchSet            
0001d409  TimerPrescaleSet                 
0001d451  TimerValueGet                    
0001d495  TimerValueGet64                  
0001d4c7  GetEnBit                         
0001d513  Timer0AISR                       
0001d51d  Timer0BISR                       
0001d527  Timer1AISR                       
0001d531  Timer1BISR                       
0001d53b  Timer2AISR                       
0001d545  Timer2BISR                       
0001d54f  Timer3AISR                       
0001d559  Timer3BISR                       
0001d563  Timer4AISR                       
0001d56d  Timer4BISR                       
0001d577  Timer5AISR                       
0001d581  Timer5BISR                       
0001d58b  WTimer0AISR                      
0001d595  WTimer0BISR                      
0001d59f  WTimer1AISR                      
0001d5a9  WTimer1BISR                      
0001d5b3  WTimer2AISR                      
0001d5bd  WTimer2BISR                      
0001d5c7  WTimer3AISR                      
0001d5d1  WTimer3BISR                      
0001d5db  WTimer4AISR                      
0001d5e5  WTimer4BISR                      
0001d5ef  WTimer5AISR                      
0001d5f9  WTimer5BISR                      
0001d669  xQueueGenericReset               
0001d705  xQueueGenericCreate              
0001d775  xQueueCreateMutex                
0001d7eb  xQueueGiveMutexRecursive         
0001d827  xQueueTakeMutexRecursive         
0001d871  xQueueGenericSend                
0001d997  xQueueGenericSendFromISR         
0001da23  xQueueGiveFromISR                
0001daa3  xQueueGenericReceive             
0001dc07  xQueueReceiveFromISR             
0001dc8d  xQueuePeekFromISR                
0001dcdf  uxQueueMessagesWaiting           
0001dcf5  uxQueueSpacesAvailable           
0001dd15  uxQueueMessagesWaitingFromISR    
0001dd27  vQueueDelete                     
0001dd3d  uxQueueGetQueueNumber            
0001dd4b  vQueueSetQueueNumber             
0001dd5d  ucQueueGetQueueType              
0001df09  xQueueIsQueueEmptyFromISR        
0001df4b  xQueueIsQueueFullFromISR         
0001df6d  vQueueAddToRegistry              
0001dfaf  vQueueUnregisterQueue            
0001dff1  LcdInit                          
0001e06b  LcdSendData                      
0001e11f  LcdSendCommand                   
0001e1cb  LcdSendString                    
0001e239  LcdGoTo                          
0001e259  LcdSaveCustomChar                
0001e34d  LCDSendInt                       
0001e3ed  ldr_swing_car                    
0001e42f  lcd_display                      
0001e4d3  avoid_obstacles                  
0001e59d  lcd_display_const_string         
0001e5b5  button_check                     
0001e68d  ADCStartUse                      
0001e6af  ADCInitSampler                   
0001e7bd  ADCRead                          
0001e869  ADCTempEnable                    
0001e8e5  pvPortMalloc                     
0001e9dd  vPortFree                        
0001ea3b  xPortGetFreeHeapSize             
0001ea41  vPortInitialiseBlocks            
0001ea9d  __aeabi_dsub                     
0001eaa7  __aeabi_dadd                     
0001ec55  Calibrate                        
0001ec8b  LDR_Init                         
0001ecb7  LDR_Comp                         
0001ee0d  Ultrasonic_Init                  
0001ee37  Measure_Distance                 
0001ef09  __aeabi_ddiv                     
0001f03f  vListInitialise                  
0001f06f  vListInitialiseItem              
0001f07f  vListInsertEnd                   
0001f0bb  vListInsert                      
0001f121  uxListRemove                     
0001f169  pxPortInitialiseStack            
0001f1cf  xPortStartScheduler              
0001f205  vPortEndScheduler                
0001f207  vPortEnterCritical               
0001f227  vPortExitCritical                
0001f23d  xPortSysTickHandler              
0001f263  vPortSetupTimerInterrupt         
0001f291  vApplicationStackOverflowHook    
0001f29b  main                             
0001f3a5  PORT_CONFIG                      
0001f4b5  __aeabi_dmul                     
0001f5b1  pwm_init                         
0001f605  pwm_set_duty_cycle               
0001f695  ulPortGetIPSR                    
0001f6ad  xPortPendSVHandler               
0001f70d  vPortSVCHandler                  
0001f72d  vPortStartFirstTask              
0001f749  vPortEnableVFP                   
0001f757  MotorInit                        
0001f773  MotorForward                     
0001f797  MotorTurnRight                   
0001f7bb  MotorTurnLeft                    
0001f7df  MotorBackward                    
0001f803  MotorStop                        
0001f81b  __aeabi_memcpy                   
0001f81b  __aeabi_memcpy4                  
0001f81b  __aeabi_memcpy8                  
0001f81b  memcpy                           
0001f8b7  delay_ms                         
0001f8f9  delay_us                         
0001f933  __aeabi_memclr                   
0001f933  __aeabi_memclr4                  
0001f933  __aeabi_memclr8                  
0001f935  __aeabi_memset                   
0001f935  __aeabi_memset4                  
0001f935  __aeabi_memset8                  
0001f93b  memset                           
0001f9ad  TempInit                         
0001f9cb  TempRead                         
0001fa25  __TI_decompress_lzss             
0001fa8d  __TI_auto_init_nobinit_nopinit   
0001fad1  __aeabi_d2uiz                    
0001fb15  _c_int00_noargs                  
0001fb49  __aeabi_ui2d                     
0001fb69  __TI_decompress_none             
0001fb77  __TI_zero_init                   
0001fb83  ResetISR                         
0001fb8f  _system_pre_init                 
0001fb93  C$$EXIT                          
0001fb93  abort                            
0001fbd4  ulMaxSyscallInterruptPriority    
0001fbe8  __TI_static_base__               
0001fc54  __TI_Handler_Table_Base          
0001fc60  __TI_Handler_Table_Limit         
0001fc68  __TI_CINIT_Base                  
0001fc78  __TI_CINIT_Limit                 
20000000  __start___llvm_prf_cnts          
20000000  __stop___llvm_prf_cnts           
20007670  TimersISR_ptr                    
200076d0  xQueueRegistry                   
20007720  PortStruct_ptr                   
200077bc  sMutex                           
200077c0  LDR_reading                      
200077c8  __stack                          
200079c8  TIMERS                           
200079c8  __STACK_END                      
200079c8  __STACK_TOP                      
200079f8  pxCurrentTCB                     
20007a28  NVIC_RegPtr                      
20007a4c  ADCs                             
20007a54  currunt_state                    
20007a58  Reading_differece                
20007a5c  R1_DIFF                          
20007a60  R2_DIFF                          
20007a6c  Ports_Operating                  
ffffffff  __TI_pprof_out_hndl              
ffffffff  __TI_prof_data_size              
ffffffff  __TI_prof_data_start             
ffffffff  __binit__                        
ffffffff  __c_args__                       
ffffffff  binit                            
UNDEFED   __mpu_init                       
UNDEFED   _system_post_cinit               

[247 symbols]
