******************************************************************************
                  TI ARM Linker PC v20.2.7                     
******************************************************************************
>> Linked Sat Sep 23 15:50:57 2023

OUTPUT FILE NAME:   <freeRTOS_template.out>
ENTRY POINT SYMBOL: "_c_int00_noargs"  address: 0000498d


MEMORY CONFIGURATION

         name            origin    length      used     unused   attr    fill
----------------------  --------  ---------  --------  --------  ----  --------
  FLASH                 00000000   00040000  00004af2  0003b50e  R  X
  SRAM                  20000000   00008000  00007a21  000005df  RW X


SEGMENT ALLOCATION MAP

run origin  load origin   length   init length attrs members
----------  ----------- ---------- ----------- ----- -------
00000000    00000000    00004af8   00004af8    r-x
  00000000    00000000    0000026c   0000026c    r-- .intvecs
  0000026c    0000026c    000047a2   000047a2    r-x .text
  00004a10    00004a10    0000004c   0000004c    r-- .const
  00004a60    00004a60    00000098   00000098    r-- .cinit
20000000    20000000    00007a24   00000000    rw-
  20000000    20000000    0000776d   00000000    rw- .bss
  20007770    20007770    00000200   00000000    rw- .stack
  20007970    20007970    000000b4   00000000    rw- .data


SECTION ALLOCATION MAP

 output                                  attributes/
section   page    origin      length       input sections
--------  ----  ----------  ----------   ----------------
.intvecs   0    00000000    0000026c     
                  00000000    0000026c     tm4c123gh6pm_startup_ccs.obj (.intvecs)

.text      0    0000026c    000047a2     
                  0000026c    00001768     tasks.obj (.text)
                  000019d4    00000a8c     DIO.obj (.text)
                  00002460    00000a08     GPTM.obj (.text)
                  00002e68    000003fc     LCD_program.obj (.text)
                  00003264    000002ac     APP.obj (.text)
                  00003510    00000258     ADC.obj (.text)
                  00003768    000001b8     heap_2.obj (.text)
                  00003920    000001b6     rtsv7M4_T_le_v4SPD16_eabi.lib : fd_add_t2.asm.obj (.text)
                  00003ad6    00000002     --HOLE-- [fill = 0]
                  00003ad8    00000168     LDR.obj (.text)
                  00003c40    0000014c     ULTRASONIC_program.obj (.text)
                  00003d8c    00000136     rtsv7M4_T_le_v4SPD16_eabi.lib : fd_div_t2.asm.obj (.text)
                  00003ec2    0000012a     list.obj (.text)
                  00003fec    00000128     port.obj (.text)
                  00004114    00000110     DIO_Config.obj (.text)
                  00004224    00000108     main.obj (.text)
                  0000432c    000000fc     rtsv7M4_T_le_v4SPD16_eabi.lib : fd_mul_t2.asm.obj (.text)
                  00004428    000000d4     PWM_program.obj (.text)
                  000044fc    000000d2     portasm.obj (.text)
                  000045ce    000000c4     Motor.obj (.text)
                  00004692    0000009c     rtsv7M4_T_le_v4SPD16_eabi.lib : memcpy_t2.asm.obj (.text)
                  0000472e    0000007c     Delay.obj (.text)
                  000047aa    0000007a     rtsv7M4_T_le_v4SPD16_eabi.lib : memset_t2.asm.obj (.text)
                  00004824    00000078     TempSensor.obj (.text)
                  0000489c    00000068     rtsv7M4_T_le_v4SPD16_eabi.lib : copy_decompress_lzss.c.obj (.text:decompress:lzss:__TI_decompress_lzss)
                  00004904    00000044                                   : autoinit.c.obj (.text:__TI_auto_init_nobinit_nopinit:__TI_auto_init_nobinit_nopinit)
                  00004948    00000044                                   : fd_tou_t2.asm.obj (.text)
                  0000498c    00000034                                   : boot_cortex_m.c.obj (.text:_c_int00_noargs:_c_int00_noargs)
                  000049c0    00000020                                   : u_tofd_t2.asm.obj (.text)
                  000049e0    0000000e                                   : copy_decompress_none.c.obj (.text:decompress:none:__TI_decompress_none)
                  000049ee    0000000c                                   : copy_zero_init.c.obj (.text:decompress:ZI:__TI_zero_init)
                  000049fa    0000000c     tm4c123gh6pm_startup_ccs.obj (.text)
                  00004a06    00000004     rtsv7M4_T_le_v4SPD16_eabi.lib : pre_init.c.obj (.text:_system_pre_init)
                  00004a0a    00000004                                   : exit.c.obj (.text:abort:abort)

.const     0    00004a10    0000004c     
                  00004a10    0000000a     DIO_Config.obj (.const:$P$T1$1)
                  00004a1a    0000000a     DIO_Config.obj (.const:$P$T11$11)
                  00004a24    0000000a     DIO_Config.obj (.const:$P$T3$3)
                  00004a2e    0000000a     DIO_Config.obj (.const:$P$T5$5)
                  00004a38    0000000a     DIO_Config.obj (.const:$P$T7$7)
                  00004a42    0000000a     DIO_Config.obj (.const:$P$T9$9)
                  00004a4c    00000004     port.obj (.const)
                  00004a50    00000002     DIO_Config.obj (.const:$P$T10$10)
                  00004a52    00000002     DIO_Config.obj (.const:$P$T12$12)
                  00004a54    00000002     DIO_Config.obj (.const:$P$T2$2)
                  00004a56    00000002     DIO_Config.obj (.const:$P$T4$4)
                  00004a58    00000002     DIO_Config.obj (.const:$P$T6$6)
                  00004a5a    00000002     DIO_Config.obj (.const:$P$T8$8)

.cinit     0    00004a60    00000098     
                  00004a60    00000071     (.cinit..data.load) [load image, compression = lzss]
                  00004ad1    00000003     --HOLE-- [fill = 0]
                  00004ad4    0000000c     (__TI_handler_table)
                  00004ae0    00000008     (.cinit..bss.load) [load image, compression = zero_init]
                  00004ae8    00000010     (__TI_cinit_table)

.init_array 
*          0    00000000    00000000     UNINITIALIZED

.bss       0    20000000    0000776d     UNINITIALIZED
                  20000000    00007530     heap_2.obj (.bss:ucHeap)
                  20007530    00000140     tasks.obj (.bss:pxReadyTasksLists)
                  20007670    00000060     (.common:TimersISR_ptr)
                  200076d0    00000018     (.common:PortStruct_ptr)
                  200076e8    00000014     tasks.obj (.bss:xDelayedTaskList1)
                  200076fc    00000014     tasks.obj (.bss:xDelayedTaskList2)
                  20007710    00000014     tasks.obj (.bss:xPendingReadyList)
                  20007724    00000014     tasks.obj (.bss:xSuspendedTaskList)
                  20007738    00000014     tasks.obj (.bss:xTasksWaitingTermination)
                  2000774c    00000008     tasks.obj (.bss)
                  20007754    00000008     heap_2.obj (.bss:xEnd)
                  2000775c    00000008     heap_2.obj (.bss:xStart)
                  20007764    00000004     LCD_program.obj (.bss:dataPins)
                  20007768    00000004     LCD_program.obj (.bss:dataPorts)
                  2000776c    00000001     (.common:LDR_reading)

.data      0    20007970    000000b4     UNINITIALIZED
                  20007970    00000030     GPTM.obj (.data:TIMERS)
                  200079a0    00000030     tasks.obj (.data)
                  200079d0    00000014     GPTM.obj (.data:NVIC_RegPtr)
                  200079e4    0000000e     LCD_program.obj (.data)
                  200079f2    00000002     --HOLE--
                  200079f4    0000000a     APP.obj (.data)
                  200079fe    00000002     --HOLE--
                  20007a00    00000008     ADC.obj (.data:ADCs)
                  20007a08    00000008     LDR.obj (.data)
                  20007a10    00000008     heap_2.obj (.data)
                  20007a18    00000006     DIO_Config.obj (.data:Ports_Operating)
                  20007a1e    00000002     --HOLE--
                  20007a20    00000004     port.obj (.data)

.stack     0    20007770    00000200     UNINITIALIZED
                  20007770    00000004     rtsv7M4_T_le_v4SPD16_eabi.lib : boot_cortex_m.c.obj (.stack)
                  20007774    000001fc     --HOLE--

__llvm_prf_cnts 
*          0    20000000    00000000     UNINITIALIZED

MODULE SUMMARY

       Module                         code    ro data   rw data
       ------                         ----    -------   -------
    .\
       tasks.obj                      5992    0         476    
       tm4c123gh6pm_startup_ccs.obj   12      620       0      
       list.obj                       298     0         0      
       main.obj                       264     0         0      
    +--+------------------------------+-------+---------+---------+
       Total:                         6566    620       476    
                                                               
    .\APP\
       APP.obj                        684     0         11     
    +--+------------------------------+-------+---------+---------+
       Total:                         684     0         11     
                                                               
    .\HAL\LCD\
       LCD_program.obj                1020    0         22     
    +--+------------------------------+-------+---------+---------+
       Total:                         1020    0         22     
                                                               
    .\HAL\LDR\
       LDR.obj                        360     0         8      
    +--+------------------------------+-------+---------+---------+
       Total:                         360     0         8      
                                                               
    .\HAL\MOTOR\
       Motor.obj                      196     0         0      
    +--+------------------------------+-------+---------+---------+
       Total:                         196     0         0      
                                                               
    .\HAL\TEMPSENSOR\
       TempSensor.obj                 120     0         0      
    +--+------------------------------+-------+---------+---------+
       Total:                         120     0         0      
                                                               
    .\HAL\ULTRASONIC\
       ULTRASONIC_program.obj         332     0         0      
    +--+------------------------------+-------+---------+---------+
       Total:                         332     0         0      
                                                               
    .\LIB\
       Delay.obj                      124     0         0      
    +--+------------------------------+-------+---------+---------+
       Total:                         124     0         0      
                                                               
    .\MCAL\ADC\
       ADC.obj                        600     0         8      
    +--+------------------------------+-------+---------+---------+
       Total:                         600     0         8      
                                                               
    .\MCAL\DIO\
       DIO.obj                        2700    0         0      
       DIO_Config.obj                 272     72        30     
    +--+------------------------------+-------+---------+---------+
       Total:                         2972    72        30     
                                                               
    .\MCAL\GPTM\
       GPTM.obj                       2568    0         164    
    +--+------------------------------+-------+---------+---------+
       Total:                         2568    0         164    
                                                               
    .\MCAL\PWM\
       PWM_program.obj                212     0         0      
    +--+------------------------------+-------+---------+---------+
       Total:                         212     0         0      
                                                               
    .\portable\CCS\ARM_CM4F\
       port.obj                       296     4         4      
       portasm.obj                    210     0         0      
    +--+------------------------------+-------+---------+---------+
       Total:                         506     4         4      
                                                               
    .\portable\MemMang\
       heap_2.obj                     440     0         30024  
    +--+------------------------------+-------+---------+---------+
       Total:                         440     0         30024  
                                                               
    C:\ti\ccs1240\ccs\tools\compiler\ti-cgt-arm_20.2.7.LTS\lib\rtsv7M4_T_le_v4SPD16_eabi.lib
       fd_add_t2.asm.obj              438     0         0      
       fd_div_t2.asm.obj              310     0         0      
       fd_mul_t2.asm.obj              252     0         0      
       memcpy_t2.asm.obj              156     0         0      
       memset_t2.asm.obj              122     0         0      
       copy_decompress_lzss.c.obj     104     0         0      
       autoinit.c.obj                 68      0         0      
       fd_tou_t2.asm.obj              68      0         0      
       boot_cortex_m.c.obj            52      0         0      
       u_tofd_t2.asm.obj              32      0         0      
       copy_decompress_none.c.obj     14      0         0      
       copy_zero_init.c.obj           12      0         0      
       exit.c.obj                     4       0         0      
       pre_init.c.obj                 4       0         0      
    +--+------------------------------+-------+---------+---------+
       Total:                         1636    0         0      
                                                               
       Stack:                         0       0         512    
       Linker Generated:              0       149       0      
    +--+------------------------------+-------+---------+---------+
       Grand Total:                   18336   845       31259  


LINKER GENERATED COPY TABLES

__TI_cinit_table @ 00004ae8 records: 2, size/record: 8, table size: 16
	.data: load addr=00004a60, load size=00000071 bytes, run addr=20007970, run size=000000b4 bytes, compression=lzss
	.bss: load addr=00004ae0, load size=00000008 bytes, run addr=20000000, run size=0000776d bytes, compression=zero_init


LINKER GENERATED HANDLER TABLE

__TI_handler_table @ 00004ad4 records: 3, size/record: 4, table size: 12
	index: 0, handler: __TI_decompress_lzss
	index: 1, handler: __TI_decompress_none
	index: 2, handler: __TI_zero_init


GLOBAL SYMBOLS: SORTED ALPHABETICALLY BY Name 

address   name                             
-------   ----                             
00003533  ADCInitSampler                   
00003641  ADCRead                          
00003511  ADCStartUse                      
000036ed  ADCTempEnable                    
20007a00  ADCs                             
00004a0b  C$$EXIT                          
00003ad9  Calibrate                        
00002367  DIO_Read                         
00002209  DIO_ReadPin                      
000022ad  DIO_ReadPort                     
000023bd  DIO_Set_Pullup                   
00002325  DIO_Write                        
00002071  DIO_WritePin                     
0000211d  DIO_WritePort                    
00001d19  GPIO_InterruptInit               
00002cc7  GetEnBit                         
000031c5  LCDSendInt                       
00003b3b  LDR_Comp                         
00003b0f  LDR_Init                         
2000776c  LDR_reading                      
000030b1  LcdGoTo                          
00002e69  LcdInit                          
000030d1  LcdSaveCustomChar                
00002f97  LcdSendCommand                   
00002ee3  LcdSendData                      
00003043  LcdSendString                    
00003cbb  Measure_Distance                 
00004657  MotorBackward                    
000045eb  MotorForward                     
000045cf  MotorInit                        
0000467b  MotorStop                        
00004633  MotorTurnLeft                    
0000460f  MotorTurnRight                   
200079d0  NVIC_RegPtr                      
000019d5  PORTS_Operation                  
00004115  PORT_CONFIG                      
00001a33  PORT_Init                        
200076d0  PortStruct_ptr                   
20007a18  Ports_Operating                  
20007a08  R1_DIFF                          
20007a0c  R2_DIFF                          
200079f8  Reading_differece                
000049fb  ResetISR                         
20007970  TIMERS                           
00004825  TempInit                         
00004843  TempRead                         
00002d13  Timer0AISR                       
00002d1d  Timer0BISR                       
00002d27  Timer1AISR                       
00002d31  Timer1BISR                       
00002d3b  Timer2AISR                       
00002d45  Timer2BISR                       
00002d4f  Timer3AISR                       
00002d59  Timer3BISR                       
00002d63  Timer4AISR                       
00002d6d  Timer4BISR                       
00002d77  Timer5AISR                       
00002d81  Timer5BISR                       
00002491  TimerConfigure                   
000024cd  TimerControlEvent                
0000255d  TimerControlLevel                
000025f5  TimerControlStall                
0000268d  TimerControlTrigger              
0000272d  TimerControlWaitOnTrigger        
000027cb  TimerDisable                     
00002823  TimerEnable                      
0000287b  TimerIntClear                    
00002893  TimerIntDisable                  
000028af  TimerIntEnable                   
000028cb  TimerIntNVICEnable               
000028d9  TimerIntRegister                 
00002925  TimerIntStatus                   
0000293f  TimerLoadGet                     
00002989  TimerLoadGet64                   
000029c1  TimerLoadSet                     
00002a15  TimerLoadSet64                   
00002a43  TimerMatchGet                    
00002a8d  TimerMatchGet64                  
00002ac9  TimerMatchSet                    
00002b11  TimerMatchSet64                  
00002b41  TimerPrescaleGet                 
00002b81  TimerPrescaleMatchGet            
00002bc1  TimerPrescaleMatchSet            
00002c09  TimerPrescaleSet                 
00002461  TimerStartUse                    
00002c51  TimerValueGet                    
00002c95  TimerValueGet64                  
20007670  TimersISR_ptr                    
00003c91  Ultrasonic_Init                  
00002d8b  WTimer0AISR                      
00002d95  WTimer0BISR                      
00002d9f  WTimer1AISR                      
00002da9  WTimer1BISR                      
00002db3  WTimer2AISR                      
00002dbd  WTimer2BISR                      
00002dc7  WTimer3AISR                      
00002dd1  WTimer3BISR                      
00002ddb  WTimer4AISR                      
00002de5  WTimer4BISR                      
00002def  WTimer5AISR                      
00002df9  WTimer5BISR                      
20007970  __STACK_END                      
00000200  __STACK_SIZE                     
20007970  __STACK_TOP                      
00004ae8  __TI_CINIT_Base                  
00004af8  __TI_CINIT_Limit                 
00004ad4  __TI_Handler_Table_Base          
00004ae0  __TI_Handler_Table_Limit         
00004905  __TI_auto_init_nobinit_nopinit   
0000489d  __TI_decompress_lzss             
000049e1  __TI_decompress_none             
ffffffff  __TI_pprof_out_hndl              
ffffffff  __TI_prof_data_size              
ffffffff  __TI_prof_data_start             
00000000  __TI_static_base__               
000049ef  __TI_zero_init                   
00004949  __aeabi_d2uiz                    
0000392b  __aeabi_dadd                     
00003d8d  __aeabi_ddiv                     
0000432d  __aeabi_dmul                     
00003921  __aeabi_dsub                     
000047ab  __aeabi_memclr                   
000047ab  __aeabi_memclr4                  
000047ab  __aeabi_memclr8                  
00004693  __aeabi_memcpy                   
00004693  __aeabi_memcpy4                  
00004693  __aeabi_memcpy8                  
000047ad  __aeabi_memset                   
000047ad  __aeabi_memset4                  
000047ad  __aeabi_memset8                  
000049c1  __aeabi_ui2d                     
ffffffff  __binit__                        
ffffffff  __c_args__                       
UNDEFED   __mpu_init                       
20007770  __stack                          
20000000  __start___llvm_prf_cnts          
20000000  __stop___llvm_prf_cnts           
0000498d  _c_int00_noargs                  
UNDEFED   _system_post_cinit               
00004a07  _system_pre_init                 
00004a0b  abort                            
00001e99  alt_Function                     
00001fc9  analog_Mode                      
0000334b  avoid_obstacles                  
ffffffff  binit                            
00003433  button_check                     
200079f4  currunt_state                    
0000472f  delay_ms                         
00004771  delay_us                         
00000000  g_pfnVectors                     
000032a7  lcd_display                      
0000341b  lcd_display_const_string         
00003265  ldr_swing_car                    
0000422f  main                             
00004693  memcpy                           
000047b3  memset                           
00003769  pvPortMalloc                     
00001521  pvTaskIncrementMutexHeldCount    
00004429  pwm_init                         
0000447d  pwm_set_duty_cycle               
200079a0  pxCurrentTCB                     
00003fed  pxPortInitialiseStack            
00004a4c  ulMaxSyscallInterruptPriority    
0000450d  ulPortGetIPSR                    
00001539  ulTaskNotifyTake                 
00003fa5  uxListRemove                     
00000a49  uxTaskGetNumberOfTasks           
000012fd  uxTaskGetStackHighWaterMark      
00000a55  uxTaskGetSystemState             
00000f6d  uxTaskGetTaskNumber              
00000523  uxTaskPriorityGet                
00000551  uxTaskPriorityGetFromISR         
000014ff  uxTaskResetEventItemValue        
00004225  vApplicationStackOverflowHook    
00003ec3  vListInitialise                  
00003ef3  vListInitialiseItem              
00003f3f  vListInsert                      
00003f03  vListInsertEnd                   
000045c1  vPortEnableVFP                   
00004089  vPortEndScheduler                
0000408b  vPortEnterCritical               
000040ab  vPortExitCritical                
00003861  vPortFree                        
000038c5  vPortInitialiseBlocks            
00004585  vPortSVCHandler                  
000040e7  vPortSetupTimerInterrupt         
000045a5  vPortStartFirstTask              
000004c7  vTaskDelay                       
0000041f  vTaskDelayUntil                  
00000383  vTaskDelete                      
00000919  vTaskEndScheduler                
00000f5b  vTaskMissedYield                 
000018dd  vTaskNotifyGiveFromISR           
00000cf9  vTaskPlaceOnEventList            
00000d61  vTaskPlaceOnUnorderedEventList   
000013a9  vTaskPriorityInherit             
000005a9  vTaskPrioritySet                 
000007af  vTaskResume                      
00000f8d  vTaskSetTaskNumber               
00000ec3  vTaskSetTimeOutState             
000008c1  vTaskStartScheduler              
000006bd  vTaskSuspend                     
00000935  vTaskSuspendAll                  
00000c4d  vTaskSwitchContext               
000038bf  xPortGetFreeHeapSize             
00004525  xPortPendSVHandler               
00004053  xPortStartScheduler              
000040c1  xPortSysTickHandler              
00000ee1  xTaskCheckForTimeOut             
0000026d  xTaskGenericCreate               
000016e3  xTaskGenericNotify               
000017d5  xTaskGenericNotifyFromISR        
0000138b  xTaskGetCurrentTaskHandle        
00000a21  xTaskGetTickCount                
00000a31  xTaskGetTickCountFromISR         
00000b29  xTaskIncrementTick               
00001983  xTaskNotifyStateClear            
000015fd  xTaskNotifyWait                  
00001463  xTaskPriorityDisinherit          
00000dd5  xTaskRemoveFromEventList         
00000e51  xTaskRemoveFromUnorderedEventList
0000094d  xTaskResumeAll                   
00000831  xTaskResumeFromISR               


GLOBAL SYMBOLS: SORTED BY Symbol Address 

address   name                             
-------   ----                             
00000000  __TI_static_base__               
00000000  g_pfnVectors                     
00000200  __STACK_SIZE                     
0000026d  xTaskGenericCreate               
00000383  vTaskDelete                      
0000041f  vTaskDelayUntil                  
000004c7  vTaskDelay                       
00000523  uxTaskPriorityGet                
00000551  uxTaskPriorityGetFromISR         
000005a9  vTaskPrioritySet                 
000006bd  vTaskSuspend                     
000007af  vTaskResume                      
00000831  xTaskResumeFromISR               
000008c1  vTaskStartScheduler              
00000919  vTaskEndScheduler                
00000935  vTaskSuspendAll                  
0000094d  xTaskResumeAll                   
00000a21  xTaskGetTickCount                
00000a31  xTaskGetTickCountFromISR         
00000a49  uxTaskGetNumberOfTasks           
00000a55  uxTaskGetSystemState             
00000b29  xTaskIncrementTick               
00000c4d  vTaskSwitchContext               
00000cf9  vTaskPlaceOnEventList            
00000d61  vTaskPlaceOnUnorderedEventList   
00000dd5  xTaskRemoveFromEventList         
00000e51  xTaskRemoveFromUnorderedEventList
00000ec3  vTaskSetTimeOutState             
00000ee1  xTaskCheckForTimeOut             
00000f5b  vTaskMissedYield                 
00000f6d  uxTaskGetTaskNumber              
00000f8d  vTaskSetTaskNumber               
000012fd  uxTaskGetStackHighWaterMark      
0000138b  xTaskGetCurrentTaskHandle        
000013a9  vTaskPriorityInherit             
00001463  xTaskPriorityDisinherit          
000014ff  uxTaskResetEventItemValue        
00001521  pvTaskIncrementMutexHeldCount    
00001539  ulTaskNotifyTake                 
000015fd  xTaskNotifyWait                  
000016e3  xTaskGenericNotify               
000017d5  xTaskGenericNotifyFromISR        
000018dd  vTaskNotifyGiveFromISR           
00001983  xTaskNotifyStateClear            
000019d5  PORTS_Operation                  
00001a33  PORT_Init                        
00001d19  GPIO_InterruptInit               
00001e99  alt_Function                     
00001fc9  analog_Mode                      
00002071  DIO_WritePin                     
0000211d  DIO_WritePort                    
00002209  DIO_ReadPin                      
000022ad  DIO_ReadPort                     
00002325  DIO_Write                        
00002367  DIO_Read                         
000023bd  DIO_Set_Pullup                   
00002461  TimerStartUse                    
00002491  TimerConfigure                   
000024cd  TimerControlEvent                
0000255d  TimerControlLevel                
000025f5  TimerControlStall                
0000268d  TimerControlTrigger              
0000272d  TimerControlWaitOnTrigger        
000027cb  TimerDisable                     
00002823  TimerEnable                      
0000287b  TimerIntClear                    
00002893  TimerIntDisable                  
000028af  TimerIntEnable                   
000028cb  TimerIntNVICEnable               
000028d9  TimerIntRegister                 
00002925  TimerIntStatus                   
0000293f  TimerLoadGet                     
00002989  TimerLoadGet64                   
000029c1  TimerLoadSet                     
00002a15  TimerLoadSet64                   
00002a43  TimerMatchGet                    
00002a8d  TimerMatchGet64                  
00002ac9  TimerMatchSet                    
00002b11  TimerMatchSet64                  
00002b41  TimerPrescaleGet                 
00002b81  TimerPrescaleMatchGet            
00002bc1  TimerPrescaleMatchSet            
00002c09  TimerPrescaleSet                 
00002c51  TimerValueGet                    
00002c95  TimerValueGet64                  
00002cc7  GetEnBit                         
00002d13  Timer0AISR                       
00002d1d  Timer0BISR                       
00002d27  Timer1AISR                       
00002d31  Timer1BISR                       
00002d3b  Timer2AISR                       
00002d45  Timer2BISR                       
00002d4f  Timer3AISR                       
00002d59  Timer3BISR                       
00002d63  Timer4AISR                       
00002d6d  Timer4BISR                       
00002d77  Timer5AISR                       
00002d81  Timer5BISR                       
00002d8b  WTimer0AISR                      
00002d95  WTimer0BISR                      
00002d9f  WTimer1AISR                      
00002da9  WTimer1BISR                      
00002db3  WTimer2AISR                      
00002dbd  WTimer2BISR                      
00002dc7  WTimer3AISR                      
00002dd1  WTimer3BISR                      
00002ddb  WTimer4AISR                      
00002de5  WTimer4BISR                      
00002def  WTimer5AISR                      
00002df9  WTimer5BISR                      
00002e69  LcdInit                          
00002ee3  LcdSendData                      
00002f97  LcdSendCommand                   
00003043  LcdSendString                    
000030b1  LcdGoTo                          
000030d1  LcdSaveCustomChar                
000031c5  LCDSendInt                       
00003265  ldr_swing_car                    
000032a7  lcd_display                      
0000334b  avoid_obstacles                  
0000341b  lcd_display_const_string         
00003433  button_check                     
00003511  ADCStartUse                      
00003533  ADCInitSampler                   
00003641  ADCRead                          
000036ed  ADCTempEnable                    
00003769  pvPortMalloc                     
00003861  vPortFree                        
000038bf  xPortGetFreeHeapSize             
000038c5  vPortInitialiseBlocks            
00003921  __aeabi_dsub                     
0000392b  __aeabi_dadd                     
00003ad9  Calibrate                        
00003b0f  LDR_Init                         
00003b3b  LDR_Comp                         
00003c91  Ultrasonic_Init                  
00003cbb  Measure_Distance                 
00003d8d  __aeabi_ddiv                     
00003ec3  vListInitialise                  
00003ef3  vListInitialiseItem              
00003f03  vListInsertEnd                   
00003f3f  vListInsert                      
00003fa5  uxListRemove                     
00003fed  pxPortInitialiseStack            
00004053  xPortStartScheduler              
00004089  vPortEndScheduler                
0000408b  vPortEnterCritical               
000040ab  vPortExitCritical                
000040c1  xPortSysTickHandler              
000040e7  vPortSetupTimerInterrupt         
00004115  PORT_CONFIG                      
00004225  vApplicationStackOverflowHook    
0000422f  main                             
0000432d  __aeabi_dmul                     
00004429  pwm_init                         
0000447d  pwm_set_duty_cycle               
0000450d  ulPortGetIPSR                    
00004525  xPortPendSVHandler               
00004585  vPortSVCHandler                  
000045a5  vPortStartFirstTask              
000045c1  vPortEnableVFP                   
000045cf  MotorInit                        
000045eb  MotorForward                     
0000460f  MotorTurnRight                   
00004633  MotorTurnLeft                    
00004657  MotorBackward                    
0000467b  MotorStop                        
00004693  __aeabi_memcpy                   
00004693  __aeabi_memcpy4                  
00004693  __aeabi_memcpy8                  
00004693  memcpy                           
0000472f  delay_ms                         
00004771  delay_us                         
000047ab  __aeabi_memclr                   
000047ab  __aeabi_memclr4                  
000047ab  __aeabi_memclr8                  
000047ad  __aeabi_memset                   
000047ad  __aeabi_memset4                  
000047ad  __aeabi_memset8                  
000047b3  memset                           
00004825  TempInit                         
00004843  TempRead                         
0000489d  __TI_decompress_lzss             
00004905  __TI_auto_init_nobinit_nopinit   
00004949  __aeabi_d2uiz                    
0000498d  _c_int00_noargs                  
000049c1  __aeabi_ui2d                     
000049e1  __TI_decompress_none             
000049ef  __TI_zero_init                   
000049fb  ResetISR                         
00004a07  _system_pre_init                 
00004a0b  C$$EXIT                          
00004a0b  abort                            
00004a4c  ulMaxSyscallInterruptPriority    
00004ad4  __TI_Handler_Table_Base          
00004ae0  __TI_Handler_Table_Limit         
00004ae8  __TI_CINIT_Base                  
00004af8  __TI_CINIT_Limit                 
20000000  __start___llvm_prf_cnts          
20000000  __stop___llvm_prf_cnts           
20007670  TimersISR_ptr                    
200076d0  PortStruct_ptr                   
2000776c  LDR_reading                      
20007770  __stack                          
20007970  TIMERS                           
20007970  __STACK_END                      
20007970  __STACK_TOP                      
200079a0  pxCurrentTCB                     
200079d0  NVIC_RegPtr                      
200079f4  currunt_state                    
200079f8  Reading_differece                
20007a00  ADCs                             
20007a08  R1_DIFF                          
20007a0c  R2_DIFF                          
20007a18  Ports_Operating                  
ffffffff  __TI_pprof_out_hndl              
ffffffff  __TI_prof_data_size              
ffffffff  __TI_prof_data_start             
ffffffff  __binit__                        
ffffffff  __c_args__                       
ffffffff  binit                            
UNDEFED   __mpu_init                       
UNDEFED   _system_post_cinit               

[223 symbols]
